Archive member included to satisfy reference by file (symbol)

c:/program files (x86)/atmel/studio/7.0/toolchain/avr8/avr8-gnu-toolchain/bin/../lib/gcc/avr/5.4.0/../../../../avr/lib/avr5\libm.a(addsf3.o)
                              Sketch.o (__subsf3)
c:/program files (x86)/atmel/studio/7.0/toolchain/avr8/avr8-gnu-toolchain/bin/../lib/gcc/avr/5.4.0/../../../../avr/lib/avr5\libm.a(addsf3x.o)
                              c:/program files (x86)/atmel/studio/7.0/toolchain/avr8/avr8-gnu-toolchain/bin/../lib/gcc/avr/5.4.0/../../../../avr/lib/avr5\libm.a(addsf3.o) (__addsf3x)
c:/program files (x86)/atmel/studio/7.0/toolchain/avr8/avr8-gnu-toolchain/bin/../lib/gcc/avr/5.4.0/../../../../avr/lib/avr5\libm.a(divsf3.o)
                              Sketch.o (__divsf3)
c:/program files (x86)/atmel/studio/7.0/toolchain/avr8/avr8-gnu-toolchain/bin/../lib/gcc/avr/5.4.0/../../../../avr/lib/avr5\libm.a(divsf3x.o)
                              c:/program files (x86)/atmel/studio/7.0/toolchain/avr8/avr8-gnu-toolchain/bin/../lib/gcc/avr/5.4.0/../../../../avr/lib/avr5\libm.a(divsf3.o) (__divsf3x)
c:/program files (x86)/atmel/studio/7.0/toolchain/avr8/avr8-gnu-toolchain/bin/../lib/gcc/avr/5.4.0/../../../../avr/lib/avr5\libm.a(fixsfsi.o)
                              Sketch.o (__fixsfsi)
c:/program files (x86)/atmel/studio/7.0/toolchain/avr8/avr8-gnu-toolchain/bin/../lib/gcc/avr/5.4.0/../../../../avr/lib/avr5\libm.a(fixunssfsi.o)
                              c:/program files (x86)/atmel/studio/7.0/toolchain/avr8/avr8-gnu-toolchain/bin/../lib/gcc/avr/5.4.0/../../../../avr/lib/avr5\libm.a(fixsfsi.o) (__fixunssfsi)
c:/program files (x86)/atmel/studio/7.0/toolchain/avr8/avr8-gnu-toolchain/bin/../lib/gcc/avr/5.4.0/../../../../avr/lib/avr5\libm.a(floatsisf.o)
                              Sketch.o (__floatsisf)
c:/program files (x86)/atmel/studio/7.0/toolchain/avr8/avr8-gnu-toolchain/bin/../lib/gcc/avr/5.4.0/../../../../avr/lib/avr5\libm.a(fp_inf.o)
                              c:/program files (x86)/atmel/studio/7.0/toolchain/avr8/avr8-gnu-toolchain/bin/../lib/gcc/avr/5.4.0/../../../../avr/lib/avr5\libm.a(addsf3x.o) (__fp_inf)
c:/program files (x86)/atmel/studio/7.0/toolchain/avr8/avr8-gnu-toolchain/bin/../lib/gcc/avr/5.4.0/../../../../avr/lib/avr5\libm.a(fp_nan.o)
                              c:/program files (x86)/atmel/studio/7.0/toolchain/avr8/avr8-gnu-toolchain/bin/../lib/gcc/avr/5.4.0/../../../../avr/lib/avr5\libm.a(addsf3x.o) (__fp_nan)
c:/program files (x86)/atmel/studio/7.0/toolchain/avr8/avr8-gnu-toolchain/bin/../lib/gcc/avr/5.4.0/../../../../avr/lib/avr5\libm.a(fp_pscA.o)
                              c:/program files (x86)/atmel/studio/7.0/toolchain/avr8/avr8-gnu-toolchain/bin/../lib/gcc/avr/5.4.0/../../../../avr/lib/avr5\libm.a(addsf3x.o) (__fp_pscA)
c:/program files (x86)/atmel/studio/7.0/toolchain/avr8/avr8-gnu-toolchain/bin/../lib/gcc/avr/5.4.0/../../../../avr/lib/avr5\libm.a(fp_pscB.o)
                              c:/program files (x86)/atmel/studio/7.0/toolchain/avr8/avr8-gnu-toolchain/bin/../lib/gcc/avr/5.4.0/../../../../avr/lib/avr5\libm.a(addsf3x.o) (__fp_pscB)
c:/program files (x86)/atmel/studio/7.0/toolchain/avr8/avr8-gnu-toolchain/bin/../lib/gcc/avr/5.4.0/../../../../avr/lib/avr5\libm.a(fp_round.o)
                              c:/program files (x86)/atmel/studio/7.0/toolchain/avr8/avr8-gnu-toolchain/bin/../lib/gcc/avr/5.4.0/../../../../avr/lib/avr5\libm.a(addsf3.o) (__fp_round)
c:/program files (x86)/atmel/studio/7.0/toolchain/avr8/avr8-gnu-toolchain/bin/../lib/gcc/avr/5.4.0/../../../../avr/lib/avr5\libm.a(fp_split3.o)
                              c:/program files (x86)/atmel/studio/7.0/toolchain/avr8/avr8-gnu-toolchain/bin/../lib/gcc/avr/5.4.0/../../../../avr/lib/avr5\libm.a(addsf3x.o) (__fp_split3)
c:/program files (x86)/atmel/studio/7.0/toolchain/avr8/avr8-gnu-toolchain/bin/../lib/gcc/avr/5.4.0/../../../../avr/lib/avr5\libm.a(fp_zero.o)
                              c:/program files (x86)/atmel/studio/7.0/toolchain/avr8/avr8-gnu-toolchain/bin/../lib/gcc/avr/5.4.0/../../../../avr/lib/avr5\libm.a(addsf3x.o) (__fp_zero)
c:/program files (x86)/atmel/studio/7.0/toolchain/avr8/avr8-gnu-toolchain/bin/../lib/gcc/avr/5.4.0/../../../../avr/lib/avr5\libm.a(gesf2.o)
                              Sketch.o (__gtsf2)
c:/program files (x86)/atmel/studio/7.0/toolchain/avr8/avr8-gnu-toolchain/bin/../lib/gcc/avr/5.4.0/../../../../avr/lib/avr5\libm.a(mulsf3.o)
                              Sketch.o (__mulsf3)
c:/program files (x86)/atmel/studio/7.0/toolchain/avr8/avr8-gnu-toolchain/bin/../lib/gcc/avr/5.4.0/../../../../avr/lib/avr5\libm.a(mulsf3x.o)
                              c:/program files (x86)/atmel/studio/7.0/toolchain/avr8/avr8-gnu-toolchain/bin/../lib/gcc/avr/5.4.0/../../../../avr/lib/avr5\libm.a(mulsf3.o) (__mulsf3x)
c:/program files (x86)/atmel/studio/7.0/toolchain/avr8/avr8-gnu-toolchain/bin/../lib/gcc/avr/5.4.0/../../../../avr/lib/avr5\libm.a(pow.o)
[...]
Memory Configuration

Name             Origin             Length             Attributes
text             0x00000000         0x00020000         xr
data             0x00800060         0x0000ffa0         rw !x
eeprom           0x00810000         0x00010000         rw !x
fuse             0x00820000         0x00000003         rw !x
lock             0x00830000         0x00000400         rw !x
signature        0x00840000         0x00000400         rw !x
user_signatures  0x00850000         0x00000400         rw !x
*default*        0x00000000         0xffffffff

Linker script and memory map

Address of section .data set to 0x800100
LOAD C:/Program Files (x86)/Atmel/Studio/7.0/Packs/Atmel/ATmega_DFP/1.3.300/gcc/dev/atmega328p/avr5/crtatmega328p.o
LOAD Sketch.o
START GROUP
LOAD c:/program files (x86)/atmel/studio/7.0/toolchain/avr8/avr8-gnu-toolchain/bin/../lib/gcc/avr/5.4.0/../../../../avr/lib/avr5\libm.a
LOAD H:\04_work\projects\67.HIC-NAOMI\HIC 15\Firmware _Atmel Studio 7.0\HIC15FW\HIC15FW\ArduinoCore\Debug\libArduinoCore.a
END GROUP
LOAD c:/program files (x86)/atmel/studio/7.0/toolchain/avr8/avr8-gnu-toolchain/bin/../lib/gcc/avr/5.4.0/avr5\libgcc.a
LOAD c:/program files (x86)/atmel/studio/7.0/toolchain/avr8/avr8-gnu-toolchain/bin/../lib/gcc/avr/5.4.0/../../../../avr/lib/avr5\libm.a
START GROUP
LOAD c:/program files (x86)/atmel/studio/7.0/toolchain/avr8/avr8-gnu-toolchain/bin/../lib/gcc/avr/5.4.0/avr5\libgcc.a
LOAD c:/program files (x86)/atmel/studio/7.0/toolchain/avr8/avr8-gnu-toolchain/bin/../lib/gcc/avr/5.4.0/../../../../avr/lib/avr5\libm.a
LOAD c:/program files (x86)/atmel/studio/7.0/toolchain/avr8/avr8-gnu-toolchain/bin/../lib/gcc/avr/5.4.0/../../../../avr/lib/avr5\libc.a
LOAD C:/Program Files (x86)/Atmel/Studio/7.0/Packs/Atmel/ATmega_DFP/1.3.300/gcc/dev/atmega328p/avr5\libatmega328p.a
END GROUP
                0x00000000                __TEXT_REGION_ORIGIN__ = DEFINED (__TEXT_REGION_ORIGIN__)?__TEXT_REGION_ORIGIN__:0x0
                0x00800060                __DATA_REGION_ORIGIN__ = DEFINED (__DATA_REGION_ORIGIN__)?__DATA_REGION_ORIGIN__:0x800060
                0x00020000                __TEXT_REGION_LENGTH__ = DEFINED (__TEXT_REGION_LENGTH__)?__TEXT_REGION_LENGTH__:0x20000
                0x0000ffa0                __DATA_REGION_LENGTH__ = DEFINED (__DATA_REGION_LENGTH__)?__DATA_REGION_LENGTH__:0xffa0
                0x00010000                __EEPROM_REGION_LENGTH__ = DEFINED (__EEPROM_REGION_LENGTH__)?__EEPROM_REGION_LENGTH__:0x10000
                [0x00000003]                __FUSE_REGION_LENGTH__ = DEFINED (__FUSE_REGION_LENGTH__)?__FUSE_REGION_LENGTH__:0x400
                0x00000400                __LOCK_REGION_LENGTH__ = DEFINED (__LOCK_REGION_LENGTH__)?__LOCK_REGION_LENGTH__:0x400
                0x00000400                __SIGNATURE_REGION_LENGTH__ = DEFINED (__SIGNATURE_REGION_LENGTH__)?__SIGNATURE_REGION_LENGTH__:0x400
                0x00000400                __USER_SIGNATURE_REGION_LENGTH__ = DEFINED (__USER_SIGNATURE_REGION_LENGTH__)?__USER_SIGNATURE_REGION_LENGTH__:0x400

.hash
 *(.hash)

.dynsym
 *(.dynsym)

.dynstr
 *(.dynstr)

.gnu.version
 *(.gnu.version)

.gnu.version_d
 *(.gnu.version_d)

.gnu.version_r
 *(.gnu.version_r)

.rel.init
 *(.rel.init)

.rela.init
 *(.rela.init)

.rel.text
 *(.rel.text)
 *(.rel.text.*)
 *(.rel.gnu.linkonce.t*)

.rela.text
 *(.rela.text)
 *(.rela.text.*)
 *(.rela.gnu.linkonce.t*)

.rel.fini
 *(.rel.fini)

.rela.fini
 *(.rela.fini)

.rel.rodata
 *(.rel.rodata)
 *(.rel.rodata.*)
 *(.rel.gnu.linkonce.r*)

.rela.rodata
 *(.rela.rodata)
 *(.rela.rodata.*)
 *(.rela.gnu.linkonce.r*)

.rel.data
 *(.rel.data)
 *(.rel.data.*)
 *(.rel.gnu.linkonce.d*)

.rela.data
 *(.rela.data)
 *(.rela.data.*)
 *(.rela.gnu.linkonce.d*)

.rel.ctors
 *(.rel.ctors)

.rela.ctors
 *(.rela.ctors)

.rel.dtors
 *(.rel.dtors)

.rela.dtors
 *(.rela.dtors)

.rel.got
 *(.rel.got)

.rela.got
 *(.rela.got)

.rel.bss
 *(.rel.bss)

.rela.bss
 *(.rela.bss)

.rel.plt
 *(.rel.plt)

.rela.plt
 *(.rela.plt)

.text           0x00000000     0x4cf6
 *(.vectors)
 .vectors       0x00000000       0x68 C:/Program Files (x86)/Atmel/Studio/7.0/Packs/Atmel/ATmega_DFP/1.3.300/gcc/dev/atmega328p/avr5/crtatmega328p.o
                0x00000000                __vector_default
                0x00000000                __vectors
 *(.vectors)
 *(.progmem.gcc*)
 .progmem.gcc_fplib
                0x00000068       0x28 c:/program files (x86)/atmel/studio/7.0/toolchain/avr8/avr8-gnu-toolchain/bin/../lib/gcc/avr/5.4.0/../../../../avr/lib/avr5\libm.a(exp.o)
 .progmem.gcc_fplib
                0x00000090       0x5a c:/program files (x86)/atmel/studio/7.0/toolchain/avr8/avr8-gnu-toolchain/bin/../lib/gcc/avr/5.4.0/../../../../avr/lib/avr5\libm.a(log.o)
                0x000000ea                . = ALIGN (0x2)
                0x000000ea                __trampolines_start = .
 *(.trampolines)
 .trampolines   0x000000ea        0x0 linker stubs
 *(.trampolines*)
                0x000000ea                __trampolines_end = .
 *libprintf_flt.a:*(.progmem.data)
 *libc.a:*(.progmem.data)
 *(.progmem*)
 .progmem.data.digital_pin_to_timer_PGM
                0x000000ea       0x14 H:\04_work\projects\67.HIC-NAOMI\HIC 15\Firmware _Atmel Studio 7.0\HIC15FW\HIC15FW\ArduinoCore\Debug\libArduinoCore.a(wiring_digital.o)
                0x000000ea                digital_pin_to_timer_PGM
 .progmem.data.digital_pin_to_bit_mask_PGM
                0x000000fe       0x14 H:\04_work\projects\67.HIC-NAOMI\HIC 15\Firmware _Atmel Studio 7.0\HIC15FW\HIC15FW\ArduinoCore\Debug\libArduinoCore.a(wiring_digital.o)
                0x000000fe                digital_pin_to_bit_mask_PGM
 .progmem.data.digital_pin_to_port_PGM
                0x00000112       0x14 H:\04_work\projects\67.HIC-NAOMI\HIC 15\Firmware _Atmel Studio 7.0\HIC15FW\HIC15FW\ArduinoCore\Debug\libArduinoCore.a(wiring_digital.o)
                0x00000112                digital_pin_to_port_PGM
 .progmem.data.port_to_input_PGM
                0x00000126        0xa H:\04_work\projects\67.HIC-NAOMI\HIC 15\Firmware _Atmel Studio 7.0\HIC15FW\HIC15FW\ArduinoCore\Debug\libArduinoCore.a(wiring_digital.o)
                0x00000126                port_to_input_PGM
 .progmem.data.port_to_output_PGM
                0x00000130        0xa H:\04_work\projects\67.HIC-NAOMI\HIC 15\Firmware _Atmel Studio 7.0\HIC15FW\HIC15FW\ArduinoCore\Debug\libArduinoCore.a(wiring_digital.o)
                0x00000130                port_to_output_PGM
 .progmem.data.port_to_mode_PGM
                0x0000013a        0xa H:\04_work\projects\67.HIC-NAOMI\HIC 15\Firmware _Atmel Studio 7.0\HIC15FW\HIC15FW\ArduinoCore\Debug\libArduinoCore.a(wiring_digital.o)
                0x0000013a                port_to_mode_PGM
 .progmem.data._ZL4font
                0x00000144      0x500 H:\04_work\projects\67.HIC-NAOMI\HIC 15\Firmware _Atmel Studio 7.0\HIC15FW\HIC15FW\ArduinoCore\Debug\libArduinoCore.a(Adafruit_GFX.o)
 .progmem.data._ZZN16Adafruit_SSD13067displayEvE6dlist1
                0x00000644        0x5 H:\04_work\projects\67.HIC-NAOMI\HIC 15\Firmware _Atmel Studio 7.0\HIC15FW\HIC15FW\ArduinoCore\Debug\libArduinoCore.a(Adafruit_SSD1306.o)
 .progmem.data._ZZN16Adafruit_SSD130621drawFastVLineInternalEiiijE8postmask
                0x00000649        0x8 H:\04_work\projects\67.HIC-NAOMI\HIC 15\Firmware _Atmel Studio 7.0\HIC15FW\HIC15FW\ArduinoCore\Debug\libArduinoCore.a(Adafruit_SSD1306.o)
 .progmem.data._ZZN16Adafruit_SSD130621drawFastVLineInternalEiiijE7premask
                0x00000651        0x8 H:\04_work\projects\67.HIC-NAOMI\HIC 15\Firmware _Atmel Studio 7.0\HIC15FW\HIC15FW\ArduinoCore\Debug\libArduinoCore.a(Adafruit_SSD1306.o)
 .progmem.data._ZZN16Adafruit_SSD13065beginEhhbbE5init5
                0x00000659        0x6 H:\04_work\projects\67.HIC-NAOMI\HIC 15\Firmware _Atmel Studio 7.0\HIC15FW\HIC15FW\ArduinoCore\Debug\libArduinoCore.a(Adafruit_SSD1306.o)
 .progmem.data._ZZN16Adafruit_SSD13065beginEhhbbE6init4c
                0x0000065f        0x3 H:\04_work\projects\67.HIC-NAOMI\HIC 15\Firmware _Atmel Studio 7.0\HIC15FW\HIC15FW\ArduinoCore\Debug\libArduinoCore.a(Adafruit_SSD1306.o)
 .progmem.data._ZZN16Adafruit_SSD13065beginEhhbbE6init4b
                0x00000662        0x3 H:\04_work\projects\67.HIC-NAOMI\HIC 15\Firmware _Atmel Studio 7.0\HIC15FW\HIC15FW\ArduinoCore\Debug\libArduinoCore.a(Adafruit_SSD1306.o)
 .progmem.data._ZZN16Adafruit_SSD13065beginEhhbbE6init4a
                0x00000665        0x4 H:\04_work\projects\67.HIC-NAOMI\HIC 15\Firmware _Atmel Studio 7.0\HIC15FW\HIC15FW\ArduinoCore\Debug\libArduinoCore.a(Adafruit_SSD1306.o)
 .progmem.data._ZZN16Adafruit_SSD13065beginEhhbbE5init3
                0x00000669        0x4 H:\04_work\projects\67.HIC-NAOMI\HIC 15\Firmware _Atmel Studio 7.0\HIC15FW\HIC15FW\ArduinoCore\Debug\libArduinoCore.a(Adafruit_SSD1306.o)
 .progmem.data._ZZN16Adafruit_SSD13065beginEhhbbE5init2
                0x0000066d        0x4 H:\04_work\projects\67.HIC-NAOMI\HIC 15\Firmware _Atmel Studio 7.0\HIC15FW\HIC15FW\ArduinoCore\Debug\libArduinoCore.a(Adafruit_SSD1306.o)
 .progmem.data._ZZN16Adafruit_SSD13065beginEhhbbE5init1
                0x00000671        0x4 H:\04_work\projects\67.HIC-NAOMI\HIC 15\Firmware _Atmel Studio 7.0\HIC15FW\HIC15FW\ArduinoCore\Debug\libArduinoCore.a(Adafruit_SSD1306.o)
 .progmem.data._ZL12splash2_data
                0x00000675      0x1e0 H:\04_work\projects\67.HIC-NAOMI\HIC 15\Firmware _Atmel Studio 7.0\HIC15FW\HIC15FW\ArduinoCore\Debug\libArduinoCore.a(Adafruit_SSD1306.o)
 .progmem.data._ZL12splash1_data
                0x00000855      0x2c0 H:\04_work\projects\67.HIC-NAOMI\HIC 15\Firmware _Atmel Studio 7.0\HIC15FW\HIC15FW\ArduinoCore\Debug\libArduinoCore.a(Adafruit_SSD1306.o)
                0x00000b16                . = ALIGN (0x2)
 *fill*         0x00000b15        0x1 
 *(.jumptables)
 *(.jumptables*)
 *(.lowtext)
 *(.lowtext*)
                0x00000b16                __ctors_start = .
 *(.ctors)
 .ctors         0x00000b16        0x2 Sketch.o
 .ctors         0x00000b18        0x2 H:\04_work\projects\67.HIC-NAOMI\HIC 15\Firmware _Atmel Studio 7.0\HIC15FW\HIC15FW\ArduinoCore\Debug\libArduinoCore.a(HardwareSerial0.o)
 .ctors         0x00000b1a        0x2 H:\04_work\projects\67.HIC-NAOMI\HIC 15\Firmware _Atmel Studio 7.0\HIC15FW\HIC15FW\ArduinoCore\Debug\libArduinoCore.a(Wire.o)
                0x00000b1c                __ctors_end = .
                0x00000b1c                __dtors_start = .
 *(.dtors)
 .dtors         0x00000b1c        0x2 Sketch.o
                0x00000b1e                __dtors_end = .
 SORT(*)(.ctors)
 SORT(*)(.dtors)
 *(.init0)
 .init0         0x00000b1e        0x0 C:/Program Files (x86)/Atmel/Studio/7.0/Packs/Atmel/ATmega_DFP/1.3.300/gcc/dev/atmega328p/avr5/crtatmega328p.o
                0x00000b1e                __init
 *(.init0)
 *(.init1)
 *(.init1)
 *(.init2)
 .init2         0x00000b1e        0xc C:/Program Files (x86)/Atmel/Studio/7.0/Packs/Atmel/ATmega_DFP/1.3.300/gcc/dev/atmega328p/avr5/crtatmega328p.o
 *(.init2)
 *(.init3)
 *(.init3)
 *(.init4)
 .init4         0x00000b2a       0x16 c:/program files (x86)/atmel/studio/7.0/toolchain/avr8/avr8-gnu-toolchain/bin/../lib/gcc/avr/5.4.0/avr5\libgcc.a(_copy_data.o)
                0x00000b2a                __do_copy_data
 .init4         0x00000b40       0x10 c:/program files (x86)/atmel/studio/7.0/toolchain/avr8/avr8-gnu-toolchain/bin/../lib/gcc/avr/5.4.0/avr5\libgcc.a(_clear_bss.o)
                0x00000b40                __do_clear_bss
 *(.init4)
 *(.init5)
 *(.init5)
 *(.init6)
 .init6         0x00000b50       0x16 c:/program files (x86)/atmel/studio/7.0/toolchain/avr8/avr8-gnu-toolchain/bin/../lib/gcc/avr/5.4.0/avr5\libgcc.a(_ctors.o)
                0x00000b50                __do_global_ctors
 *(.init6)
 *(.init7)
 *(.init7)
 *(.init8)
 *(.init8)
 *(.init9)
 .init9         0x00000b66        0x8 C:/Program Files (x86)/Atmel/Studio/7.0/Packs/Atmel/ATmega_DFP/1.3.300/gcc/dev/atmega328p/avr5/crtatmega328p.o
 *(.init9)
 *(.text)
 .text          0x00000b6e        0x4 C:/Program Files (x86)/Atmel/Studio/7.0/Packs/Atmel/ATmega_DFP/1.3.300/gcc/dev/atmega328p/avr5/crtatmega328p.o
                0x00000b6e                __vector_22
                0x00000b6e                __vector_1
                0x00000b6e                __vector_12
                0x00000b6e                __bad_interrupt
                0x00000b6e                __vector_6
                0x00000b6e                __vector_3
                0x00000b6e                __vector_23
                0x00000b6e                __vector_25
                0x00000b6e                __vector_11
                0x00000b6e                __vector_13
                0x00000b6e                __vector_17
                0x00000b6e                __vector_7
                0x00000b6e                __vector_5
                0x00000b6e                __vector_4
                0x00000b6e                __vector_9
                0x00000b6e                __vector_2
                0x00000b6e                __vector_21
                0x00000b6e                __vector_15
                0x00000b6e                __vector_8
                0x00000b6e                __vector_14
                0x00000b6e                __vector_10
                0x00000b6e                __vector_20
                0x00000b72                . = ALIGN (0x2)
 *(.text.*)
 .text._Z10initBufferv
                0x00000b72       0x56 Sketch.o
                0x00000b72                _Z10initBufferv
 .text.setup    0x00000bc8       0x40 Sketch.o
                0x00000bc8                setup
 .text._Z12powerHandlerv
                0x00000c08       0x56 Sketch.o
                0x00000c08                _Z12powerHandlerv
 .text._Z8getAccelfff
                0x00000c5e       0x84 Sketch.o
                0x00000c5e                _Z8getAccelfff
 .text._Z12getAccelDatav
                0x00000ce2      0x114 Sketch.o
                0x00000ce2                _Z12getAccelDatav
 .text._Z11pushADCDatav
                0x00000df6       0x80 Sketch.o
                0x00000df6                _Z11pushADCDatav
 .text._Z8getHIC15f
                0x00000e76       0x32 Sketch.o
                0x00000e76                _Z8getHIC15f
 .text._Z11getSumHIC15v
                0x00000ea8       0x76 Sketch.o
                0x00000ea8                _Z11getSumHIC15v
 .text._Z13getMaxHICDatav
                0x00000f1e       0x42 Sketch.o
                0x00000f1e                _Z13getMaxHICDatav
 .text.startup._GLOBAL__sub_I_display
                0x00000f60       0x2e Sketch.o
 .text.exit._GLOBAL__sub_D_display
                0x00000f8e        0x8 Sketch.o
 .text._Z12oled_displayf
                0x00000f96      0x112 Sketch.o
                0x00000f96                _Z12oled_displayf
 .text._Z12HIC15Handlerv
                0x000010a8       0x54 Sketch.o
                0x000010a8                _Z12HIC15Handlerv
 .text.loop     0x000010fc       0x44 Sketch.o
                0x000010fc                loop
 .text.avr-libc.fplib
                0x00001140        0xe c:/program files (x86)/atmel/studio/7.0/toolchain/avr8/avr8-gnu-toolchain/bin/../lib/gcc/avr/5.4.0/../../../../avr/lib/avr5\libm.a(addsf3.o)
                0x00001140                __subsf3
                0x00001142                __addsf3
 .text.avr-libc.fplib
                0x0000114e       0xcc c:/program files (x86)/atmel/studio/7.0/toolchain/avr8/avr8-gnu-toolchain/bin/../lib/gcc/avr/5.4.0/../../../../avr/lib/avr5\libm.a(addsf3x.o)
                0x00001170                __addsf3x
 .text.avr-libc.fplib
                0x0000121a        0x8 c:/program files (x86)/atmel/studio/7.0/toolchain/avr8/avr8-gnu-toolchain/bin/../lib/gcc/avr/5.4.0/../../../../avr/lib/avr5\libm.a(divsf3.o)
                0x0000121a                __divsf3
 .text.avr-libc.fplib
                0x00001222       0xdc c:/program files (x86)/atmel/studio/7.0/toolchain/avr8/avr8-gnu-toolchain/bin/../lib/gcc/avr/5.4.0/../../../../avr/lib/avr5\libm.a(divsf3x.o)
                0x00001242                __divsf3x
                0x00001248                __divsf3_pse
 .text.avr-libc.fplib
                0x000012fe        0xe c:/program files (x86)/atmel/studio/7.0/toolchain/avr8/avr8-gnu-toolchain/bin/../lib/gcc/avr/5.4.0/../../../../avr/lib/avr5\libm.a(fixsfsi.o)
                0x000012fe                __fixsfsi
 .text.avr-libc.fplib
                0x0000130c       0x5e c:/program files (x86)/atmel/studio/7.0/toolchain/avr8/avr8-gnu-toolchain/bin/../lib/gcc/avr/5.4.0/../../../../avr/lib/avr5\libm.a(fixunssfsi.o)
                0x0000130c                __fixunssfsi
 .text.avr-libc.fplib
                0x0000136a       0x7a c:/program files (x86)/atmel/studio/7.0/toolchain/avr8/avr8-gnu-toolchain/bin/../lib/gcc/avr/5.4.0/../../../../avr/lib/avr5\libm.a(floatsisf.o)
                0x0000136a                __floatunsisf
                0x0000136e                __floatsisf
 .text.avr-libc.fplib
                0x000013e4        0xc c:/program files (x86)/atmel/studio/7.0/toolchain/avr8/avr8-gnu-toolchain/bin/../lib/gcc/avr/5.4.0/../../../../avr/lib/avr5\libm.a(fp_inf.o)
                0x000013e4                __fp_inf
 .text.avr-libc.fplib
                0x000013f0        0x6 c:/program files (x86)/atmel/studio/7.0/toolchain/avr8/avr8-gnu-toolchain/bin/../lib/gcc/avr/5.4.0/../../../../avr/lib/avr5\libm.a(fp_nan.o)
                0x000013f0                __fp_nan
 .text.avr-libc.fplib
                0x000013f6        0xe c:/program files (x86)/atmel/studio/7.0/toolchain/avr8/avr8-gnu-toolchain/bin/../lib/gcc/avr/5.4.0/../../../../avr/lib/avr5\libm.a(fp_pscA.o)
                0x000013f6                __fp_pscA
 .text.avr-libc.fplib
                0x00001404        0xe c:/program files (x86)/atmel/studio/7.0/toolchain/avr8/avr8-gnu-toolchain/bin/../lib/gcc/avr/5.4.0/../../../../avr/lib/avr5\libm.a(fp_pscB.o)
                0x00001404                __fp_pscB
 .text.avr-libc.fplib
                0x00001412       0x22 c:/program files (x86)/atmel/studio/7.0/toolchain/avr8/avr8-gnu-toolchain/bin/../lib/gcc/avr/5.4.0/../../../../avr/lib/avr5\libm.a(fp_round.o)
                0x00001412                __fp_round
 .text.avr-libc.fplib
                0x00001434       0x44 c:/program files (x86)/atmel/studio/7.0/toolchain/avr8/avr8-gnu-toolchain/bin/../lib/gcc/avr/5.4.0/../../../../avr/lib/avr5\libm.a(fp_split3.o)
                0x00001434                __fp_split3
                0x00001444                __fp_splitA
 .text.avr-libc.fplib
                0x00001478        0xe c:/program files (x86)/atmel/studio/7.0/toolchain/avr8/avr8-gnu-toolchain/bin/../lib/gcc/avr/5.4.0/../../../../avr/lib/avr5\libm.a(fp_zero.o)
                0x00001478                __fp_zero
                0x0000147a                __fp_szero
 .text.avr-libc.fplib
                0x00001486        0xa c:/program files (x86)/atmel/studio/7.0/toolchain/avr8/avr8-gnu-toolchain/bin/../lib/gcc/avr/5.4.0/../../../../avr/lib/avr5\libm.a(gesf2.o)
                0x00001486                __gesf2
                0x00001486                __gtsf2
 .text.avr-libc.fplib
                0x00001490        0x8 c:/program files (x86)/atmel/studio/7.0/toolchain/avr8/avr8-gnu-toolchain/bin/../lib/gcc/avr/5.4.0/../../../../avr/lib/avr5\libm.a(mulsf3.o)
                0x00001490                __mulsf3
 .text.avr-libc.fplib
                0x00001498       0xd2 c:/program files (x86)/atmel/studio/7.0/toolchain/avr8/avr8-gnu-toolchain/bin/../lib/gcc/avr/5.4.0/../../../../avr/lib/avr5\libm.a(mulsf3x.o)
                0x000014b6                __mulsf3x
                0x000014bc                __mulsf3_pse
 .text.avr-libc.fplib
                0x0000156a       0xa0 c:/program files (x86)/atmel/studio/7.0/toolchain/avr8/avr8-gnu-toolchain/bin/../lib/gcc/avr/5.4.0/../../../../avr/lib/avr5\libm.a(pow.o)
                0x0000156a                pow
 .text.avr-libc.fplib
                0x0000160a       0x8c c:/program files (x86)/atmel/studio/7.0/toolchain/avr8/avr8-gnu-toolchain/bin/../lib/gcc/avr/5.4.0/../../../../avr/lib/avr5\libm.a(sqrt.o)
                0x00001616                sqrtf
                0x00001616                sqrt
 .text.avr-libc.fplib
                0x00001696       0x74 c:/program files (x86)/atmel/studio/7.0/toolchain/avr8/avr8-gnu-toolchain/bin/../lib/gcc/avr/5.4.0/../../../../avr/lib/avr5\libm.a(exp.o)
                0x000016a6                exp
 .text.avr-libc.fplib
                0x0000170a       0x48 c:/program files (x86)/atmel/studio/7.0/toolchain/avr8/avr8-gnu-toolchain/bin/../lib/gcc/avr/5.4.0/../../../../avr/lib/avr5\libm.a(fp_cmp.o)
                0x0000170a                __fp_cmp
 .text.avr-libc.fplib
                0x00001752       0x1c c:/program files (x86)/atmel/studio/7.0/toolchain/avr8/avr8-gnu-toolchain/bin/../lib/gcc/avr/5.4.0/../../../../avr/lib/avr5\libm.a(fp_mpack.o)
                0x00001752                __fp_mpack
                0x00001756                __fp_mpack_finite
 .text.avr-libc.fplib
                0x0000176e        0xe c:/program files (x86)/atmel/studio/7.0/toolchain/avr8/avr8-gnu-toolchain/bin/../lib/gcc/avr/5.4.0/../../../../avr/lib/avr5\libm.a(fp_norm2.o)
                0x0000176e                __fp_norm2
 .text.avr-libc.fplib
                0x0000177c       0x4e c:/program files (x86)/atmel/studio/7.0/toolchain/avr8/avr8-gnu-toolchain/bin/../lib/gcc/avr/5.4.0/../../../../avr/lib/avr5\libm.a(fp_powser.o)
                0x0000177c                __fp_powser
 .text.avr-libc.fplib
                0x000017ca       0x10 c:/program files (x86)/atmel/studio/7.0/toolchain/avr8/avr8-gnu-toolchain/bin/../lib/gcc/avr/5.4.0/../../../../avr/lib/avr5\libm.a(inverse.o)
                0x000017ca                inverse
 .text.avr-libc.fplib
                0x000017da       0x74 c:/program files (x86)/atmel/studio/7.0/toolchain/avr8/avr8-gnu-toolchain/bin/../lib/gcc/avr/5.4.0/../../../../avr/lib/avr5\libm.a(ldexp.o)
                0x000017e2                ldexp
 .text.avr-libc.fplib
                0x0000184e       0xa0 c:/program files (x86)/atmel/studio/7.0/toolchain/avr8/avr8-gnu-toolchain/bin/../lib/gcc/avr/5.4.0/../../../../avr/lib/avr5\libm.a(log.o)
                0x0000185e                log
 .text.avr-libc.fplib
                0x000018ee       0x68 c:/program files (x86)/atmel/studio/7.0/toolchain/avr8/avr8-gnu-toolchain/bin/../lib/gcc/avr/5.4.0/../../../../avr/lib/avr5\libm.a(modf.o)
                0x000018ee                modf
                0x000018ee                modff
 .text._ZN14HardwareSerial9availableEv
                0x00001956       0x18 H:\04_work\projects\67.HIC-NAOMI\HIC 15\Firmware _Atmel Studio 7.0\HIC15FW\HIC15FW\ArduinoCore\Debug\libArduinoCore.a(HardwareSerial.o)
                0x00001956                _ZN14HardwareSerial9availableEv
 .text._ZN14HardwareSerial4peekEv
                0x0000196e       0x1c H:\04_work\projects\67.HIC-NAOMI\HIC 15\Firmware _Atmel Studio 7.0\HIC15FW\HIC15FW\ArduinoCore\Debug\libArduinoCore.a(HardwareSerial.o)
                0x0000196e                _ZN14HardwareSerial4peekEv
 .text._ZN14HardwareSerial4readEv
                0x0000198a       0x28 H:\04_work\projects\67.HIC-NAOMI\HIC 15\Firmware _Atmel Studio 7.0\HIC15FW\HIC15FW\ArduinoCore\Debug\libArduinoCore.a(HardwareSerial.o)
                0x0000198a                _ZN14HardwareSerial4readEv
 .text._ZN14HardwareSerial17availableForWriteEv
                0x000019b2       0x1e H:\04_work\projects\67.HIC-NAOMI\HIC 15\Firmware _Atmel Studio 7.0\HIC15FW\HIC15FW\ArduinoCore\Debug\libArduinoCore.a(HardwareSerial.o)
                0x000019b2                _ZN14HardwareSerial17availableForWriteEv
 .text._Z14serialEventRunv
                0x000019d0       0x1c H:\04_work\projects\67.HIC-NAOMI\HIC 15\Firmware _Atmel Studio 7.0\HIC15FW\HIC15FW\ArduinoCore\Debug\libArduinoCore.a(HardwareSerial.o)
                0x000019d0                _Z14serialEventRunv
 .text._ZN14HardwareSerial17_tx_udr_empty_irqEv
                0x000019ec       0x44 H:\04_work\projects\67.HIC-NAOMI\HIC 15\Firmware _Atmel Studio 7.0\HIC15FW\HIC15FW\ArduinoCore\Debug\libArduinoCore.a(HardwareSerial.o)
                0x000019ec                _ZN14HardwareSerial17_tx_udr_empty_irqEv
 .text._ZN14HardwareSerial5writeEh
                0x00001a30       0x9a H:\04_work\projects\67.HIC-NAOMI\HIC 15\Firmware _Atmel Studio 7.0\HIC15FW\HIC15FW\ArduinoCore\Debug\libArduinoCore.a(HardwareSerial.o)
                0x00001a30                _ZN14HardwareSerial5writeEh
 .text._ZN14HardwareSerial5flushEv
                0x00001aca       0x44 H:\04_work\projects\67.HIC-NAOMI\HIC 15\Firmware _Atmel Studio 7.0\HIC15FW\HIC15FW\ArduinoCore\Debug\libArduinoCore.a(HardwareSerial.o)
                0x00001aca                _ZN14HardwareSerial5flushEv
 .text._ZN14HardwareSerial5beginEmh
                0x00001b0e       0xca H:\04_work\projects\67.HIC-NAOMI\HIC 15\Firmware _Atmel Studio 7.0\HIC15FW\HIC15FW\ArduinoCore\Debug\libArduinoCore.a(HardwareSerial.o)
                0x00001b0e                _ZN14HardwareSerial5beginEmh
 .text._ZN5Print17availableForWriteEv
                0x00001bd8        0x6 H:\04_work\projects\67.HIC-NAOMI\HIC 15\Firmware _Atmel Studio 7.0\HIC15FW\HIC15FW\ArduinoCore\Debug\libArduinoCore.a(HardwareSerial0.o)
                0x00001bd8                _ZN5Print17availableForWriteEv
 .text._ZN5Print5flushEv
                0x00001bde        0x2 H:\04_work\projects\67.HIC-NAOMI\HIC 15\Firmware _Atmel Studio 7.0\HIC15FW\HIC15FW\ArduinoCore\Debug\libArduinoCore.a(HardwareSerial0.o)
                0x00001bde                _ZN5Print5flushEv
 .text.__vector_18
                0x00001be0       0x64 H:\04_work\projects\67.HIC-NAOMI\HIC 15\Firmware _Atmel Studio 7.0\HIC15FW\HIC15FW\ArduinoCore\Debug\libArduinoCore.a(HardwareSerial0.o)
                0x00001be0                __vector_18
 .text.__vector_19
                0x00001c44       0x4c H:\04_work\projects\67.HIC-NAOMI\HIC 15\Firmware _Atmel Studio 7.0\HIC15FW\HIC15FW\ArduinoCore\Debug\libArduinoCore.a(HardwareSerial0.o)
                0x00001c44                __vector_19
 .text._Z17Serial0_availablev
                0x00001c90       0x14 H:\04_work\projects\67.HIC-NAOMI\HIC 15\Firmware _Atmel Studio 7.0\HIC15FW\HIC15FW\ArduinoCore\Debug\libArduinoCore.a(HardwareSerial0.o)
                0x00001c90                _Z17Serial0_availablev
 .text.startup._GLOBAL__sub_I___vector_18
                0x00001ca4       0x5a H:\04_work\projects\67.HIC-NAOMI\HIC 15\Firmware _Atmel Studio 7.0\HIC15FW\HIC15FW\ArduinoCore\Debug\libArduinoCore.a(HardwareSerial0.o)
 .text.initVariant
                0x00001cfe        0x2 H:\04_work\projects\67.HIC-NAOMI\HIC 15\Firmware _Atmel Studio 7.0\HIC15FW\HIC15FW\ArduinoCore\Debug\libArduinoCore.a(main.o)
                0x00001cfe                initVariant
 .text.startup.main
                0x00001d00       0x1e H:\04_work\projects\67.HIC-NAOMI\HIC 15\Firmware _Atmel Studio 7.0\HIC15FW\HIC15FW\ArduinoCore\Debug\libArduinoCore.a(main.o)
                0x00001d00                main
 .text._ZN5Print5writeEPKhj
                0x00001d1e       0x54 H:\04_work\projects\67.HIC-NAOMI\HIC 15\Firmware _Atmel Studio 7.0\HIC15FW\HIC15FW\ArduinoCore\Debug\libArduinoCore.a(Print.o)
                0x00001d1e                _ZN5Print5writeEPKhj
 .text._ZN5Print5writeEPKc
                0x00001d72       0x2a H:\04_work\projects\67.HIC-NAOMI\HIC 15\Firmware _Atmel Studio 7.0\HIC15FW\HIC15FW\ArduinoCore\Debug\libArduinoCore.a(Print.o)
                0x00001d72                _ZN5Print5writeEPKc
 .text._ZN5Print5printEc
                0x00001d9c        0xe H:\04_work\projects\67.HIC-NAOMI\HIC 15\Firmware _Atmel Studio 7.0\HIC15FW\HIC15FW\ArduinoCore\Debug\libArduinoCore.a(Print.o)
                0x00001d9c                _ZN5Print5printEc
 .text._ZN5Print7printlnEv
                0x00001daa        0x8 H:\04_work\projects\67.HIC-NAOMI\HIC 15\Firmware _Atmel Studio 7.0\HIC15FW\HIC15FW\ArduinoCore\Debug\libArduinoCore.a(Print.o)
                0x00001daa                _ZN5Print7printlnEv
 .text._ZN5Print11printNumberEmh
                0x00001db2       0x92 H:\04_work\projects\67.HIC-NAOMI\HIC 15\Firmware _Atmel Studio 7.0\HIC15FW\HIC15FW\ArduinoCore\Debug\libArduinoCore.a(Print.o)
                0x00001db2                _ZN5Print11printNumberEmh
 .text._ZN5Print5printEmi
                0x00001e44       0x1a H:\04_work\projects\67.HIC-NAOMI\HIC 15\Firmware _Atmel Studio 7.0\HIC15FW\HIC15FW\ArduinoCore\Debug\libArduinoCore.a(Print.o)
                0x00001e44                _ZN5Print5printEmi
 .text._ZN5Print5printEhi
                0x00001e5e        0xe H:\04_work\projects\67.HIC-NAOMI\HIC 15\Firmware _Atmel Studio 7.0\HIC15FW\HIC15FW\ArduinoCore\Debug\libArduinoCore.a(Print.o)
                0x00001e5e                _ZN5Print5printEhi
 .text._ZN5Print7printlnEhi
                0x00001e6c       0x24 H:\04_work\projects\67.HIC-NAOMI\HIC 15\Firmware _Atmel Studio 7.0\HIC15FW\HIC15FW\ArduinoCore\Debug\libArduinoCore.a(Print.o)
                0x00001e6c                _ZN5Print7printlnEhi
 .text._ZN5Print5printEli
                0x00001e90       0x90 H:\04_work\projects\67.HIC-NAOMI\HIC 15\Firmware _Atmel Studio 7.0\HIC15FW\HIC15FW\ArduinoCore\Debug\libArduinoCore.a(Print.o)
                0x00001e90                _ZN5Print5printEli
 .text._ZN5Print5printEii
                0x00001f20        0xe H:\04_work\projects\67.HIC-NAOMI\HIC 15\Firmware _Atmel Studio 7.0\HIC15FW\HIC15FW\ArduinoCore\Debug\libArduinoCore.a(Print.o)
                0x00001f20                _ZN5Print5printEii
 .text.__vector_16
                0x00001f2e       0x94 H:\04_work\projects\67.HIC-NAOMI\HIC 15\Firmware _Atmel Studio 7.0\HIC15FW\HIC15FW\ArduinoCore\Debug\libArduinoCore.a(wiring.o)
                0x00001f2e                __vector_16
 .text.micros   0x00001fc2       0x4a H:\04_work\projects\67.HIC-NAOMI\HIC 15\Firmware _Atmel Studio 7.0\HIC15FW\HIC15FW\ArduinoCore\Debug\libArduinoCore.a(wiring.o)
                0x00001fc2                micros
 .text.delay    0x0000200c       0x78 H:\04_work\projects\67.HIC-NAOMI\HIC 15\Firmware _Atmel Studio 7.0\HIC15FW\HIC15FW\ArduinoCore\Debug\libArduinoCore.a(wiring.o)
                0x0000200c                delay
 .text.delayMicroseconds
                0x00002084       0x16 H:\04_work\projects\67.HIC-NAOMI\HIC 15\Firmware _Atmel Studio 7.0\HIC15FW\HIC15FW\ArduinoCore\Debug\libArduinoCore.a(wiring.o)
                0x00002084                delayMicroseconds
 .text.init     0x0000209a       0x76 H:\04_work\projects\67.HIC-NAOMI\HIC 15\Firmware _Atmel Studio 7.0\HIC15FW\HIC15FW\ArduinoCore\Debug\libArduinoCore.a(wiring.o)
                0x0000209a                init
 .text.analogRead
                0x00002110       0x3a H:\04_work\projects\67.HIC-NAOMI\HIC 15\Firmware _Atmel Studio 7.0\HIC15FW\HIC15FW\ArduinoCore\Debug\libArduinoCore.a(wiring_analog.o)
                0x00002110                analogRead
 .text.turnOffPWM
                0x0000214a       0x52 H:\04_work\projects\67.HIC-NAOMI\HIC 15\Firmware _Atmel Studio 7.0\HIC15FW\HIC15FW\ArduinoCore\Debug\libArduinoCore.a(wiring_digital.o)
 .text.pinMode  0x0000219c       0x78 H:\04_work\projects\67.HIC-NAOMI\HIC 15\Firmware _Atmel Studio 7.0\HIC15FW\HIC15FW\ArduinoCore\Debug\libArduinoCore.a(wiring_digital.o)
                0x0000219c                pinMode
 .text.digitalWrite
                0x00002214       0x5e H:\04_work\projects\67.HIC-NAOMI\HIC 15\Firmware _Atmel Studio 7.0\HIC15FW\HIC15FW\ArduinoCore\Debug\libArduinoCore.a(wiring_digital.o)
                0x00002214                digitalWrite
 .text.digitalRead
                0x00002272       0x52 H:\04_work\projects\67.HIC-NAOMI\HIC 15\Firmware _Atmel Studio 7.0\HIC15FW\HIC15FW\ArduinoCore\Debug\libArduinoCore.a(wiring_digital.o)
                0x00002272                digitalRead
 .text._ZN12Adafruit_GFX9writeLineEiiiij
                0x000022c4      0x164 H:\04_work\projects\67.HIC-NAOMI\HIC 15\Firmware _Atmel Studio 7.0\HIC15FW\HIC15FW\ArduinoCore\Debug\libArduinoCore.a(Adafruit_GFX.o)
                0x000022c4                _ZN12Adafruit_GFX9writeLineEiiiij
 .text._ZN12Adafruit_GFX10writePixelEiij
                0x00002428        0xe H:\04_work\projects\67.HIC-NAOMI\HIC 15\Firmware _Atmel Studio 7.0\HIC15FW\HIC15FW\ArduinoCore\Debug\libArduinoCore.a(Adafruit_GFX.o)
                0x00002428                _ZN12Adafruit_GFX10writePixelEiij
 .text._ZN12Adafruit_GFX14writeFastVLineEiiij
                0x00002436       0x18 H:\04_work\projects\67.HIC-NAOMI\HIC 15\Firmware _Atmel Studio 7.0\HIC15FW\HIC15FW\ArduinoCore\Debug\libArduinoCore.a(Adafruit_GFX.o)
                0x00002436                _ZN12Adafruit_GFX14writeFastVLineEiiij
 .text._ZN12Adafruit_GFX14writeFastHLineEiiij
                0x0000244e       0x18 H:\04_work\projects\67.HIC-NAOMI\HIC 15\Firmware _Atmel Studio 7.0\HIC15FW\HIC15FW\ArduinoCore\Debug\libArduinoCore.a(Adafruit_GFX.o)
                0x0000244e                _ZN12Adafruit_GFX14writeFastHLineEiiij
 .text._ZN12Adafruit_GFX13writeFillRectEiiiij
                0x00002466       0x20 H:\04_work\projects\67.HIC-NAOMI\HIC 15\Firmware _Atmel Studio 7.0\HIC15FW\HIC15FW\ArduinoCore\Debug\libArduinoCore.a(Adafruit_GFX.o)
                0x00002466                _ZN12Adafruit_GFX13writeFillRectEiiiij
 .text._ZN12Adafruit_GFX8endWriteEv
                0x00002486        0x2 H:\04_work\projects\67.HIC-NAOMI\HIC 15\Firmware _Atmel Studio 7.0\HIC15FW\HIC15FW\ArduinoCore\Debug\libArduinoCore.a(Adafruit_GFX.o)
                0x00002486                _ZN12Adafruit_GFX10startWriteEv
                0x00002486                _ZN12Adafruit_GFX8endWriteEv
 .text._ZN12Adafruit_GFX13drawFastVLineEiiij
                0x00002488       0x72 H:\04_work\projects\67.HIC-NAOMI\HIC 15\Firmware _Atmel Studio 7.0\HIC15FW\HIC15FW\ArduinoCore\Debug\libArduinoCore.a(Adafruit_GFX.o)
                0x00002488                _ZN12Adafruit_GFX13drawFastVLineEiiij
 .text._ZN12Adafruit_GFX13drawFastHLineEiiij
                0x000024fa       0x72 H:\04_work\projects\67.HIC-NAOMI\HIC 15\Firmware _Atmel Studio 7.0\HIC15FW\HIC15FW\ArduinoCore\Debug\libArduinoCore.a(Adafruit_GFX.o)
                0x000024fa                _ZN12Adafruit_GFX13drawFastHLineEiiij
 .text._ZN12Adafruit_GFX8fillRectEiiiij
                0x0000256c       0x8a H:\04_work\projects\67.HIC-NAOMI\HIC 15\Firmware _Atmel Studio 7.0\HIC15FW\HIC15FW\ArduinoCore\Debug\libArduinoCore.a(Adafruit_GFX.o)
                0x0000256c                _ZN12Adafruit_GFX8fillRectEiiiij
 .text._ZN12Adafruit_GFX10fillScreenEj
                0x000025f6       0x3a H:\04_work\projects\67.HIC-NAOMI\HIC 15\Firmware _Atmel Studio 7.0\HIC15FW\HIC15FW\ArduinoCore\Debug\libArduinoCore.a(Adafruit_GFX.o)
                0x000025f6                _ZN12Adafruit_GFX10fillScreenEj
 .text._ZN12Adafruit_GFX8drawLineEiiiij
                0x00002630       0xda H:\04_work\projects\67.HIC-NAOMI\HIC 15\Firmware _Atmel Studio 7.0\HIC15FW\HIC15FW\ArduinoCore\Debug\libArduinoCore.a(Adafruit_GFX.o)
                0x00002630                _ZN12Adafruit_GFX8drawLineEiiiij
 .text._ZN12Adafruit_GFX8drawRectEiiiij
                0x0000270a       0xbe H:\04_work\projects\67.HIC-NAOMI\HIC 15\Firmware _Atmel Studio 7.0\HIC15FW\HIC15FW\ArduinoCore\Debug\libArduinoCore.a(Adafruit_GFX.o)
                0x0000270a                _ZN12Adafruit_GFX8drawRectEiiiij
 .text._ZN12Adafruit_GFX13invertDisplayEb
                0x000027c8        0x2 H:\04_work\projects\67.HIC-NAOMI\HIC 15\Firmware _Atmel Studio 7.0\HIC15FW\HIC15FW\ArduinoCore\Debug\libArduinoCore.a(Adafruit_GFX.o)
                0x000027c8                _ZN12Adafruit_GFX13invertDisplayEb
 .text._ZN12Adafruit_GFX11setRotationEh
                0x000027ca       0x2a H:\04_work\projects\67.HIC-NAOMI\HIC 15\Firmware _Atmel Studio 7.0\HIC15FW\HIC15FW\ArduinoCore\Debug\libArduinoCore.a(Adafruit_GFX.o)
                0x000027ca                _ZN12Adafruit_GFX11setRotationEh
 .text._ZN12Adafruit_GFXC2Eii
                0x000027f4       0x44 H:\04_work\projects\67.HIC-NAOMI\HIC 15\Firmware _Atmel Studio 7.0\HIC15FW\HIC15FW\ArduinoCore\Debug\libArduinoCore.a(Adafruit_GFX.o)
                0x000027f4                _ZN12Adafruit_GFXC2Eii
                0x000027f4                _ZN12Adafruit_GFXC1Eii
 .text._ZN12Adafruit_GFX10drawBitmapEiiPKhiij
                0x00002838      0x13c H:\04_work\projects\67.HIC-NAOMI\HIC 15\Firmware _Atmel Studio 7.0\HIC15FW\HIC15FW\ArduinoCore\Debug\libArduinoCore.a(Adafruit_GFX.o)
                0x00002838                _ZN12Adafruit_GFX10drawBitmapEiiPKhiij
 .text._ZN12Adafruit_GFX8drawCharEiihjjhh
                0x00002974      0x46a H:\04_work\projects\67.HIC-NAOMI\HIC 15\Firmware _Atmel Studio 7.0\HIC15FW\HIC15FW\ArduinoCore\Debug\libArduinoCore.a(Adafruit_GFX.o)
                0x00002974                _ZN12Adafruit_GFX8drawCharEiihjjhh
 .text._ZN12Adafruit_GFX5writeEh
                0x00002dde      0x1b0 H:\04_work\projects\67.HIC-NAOMI\HIC 15\Firmware _Atmel Studio 7.0\HIC15FW\HIC15FW\ArduinoCore\Debug\libArduinoCore.a(Adafruit_GFX.o)
                0x00002dde                _ZN12Adafruit_GFX5writeEh
 .text._ZN12Adafruit_GFX11setTextSizeEhh
                0x00002f8e       0x16 H:\04_work\projects\67.HIC-NAOMI\HIC 15\Firmware _Atmel Studio 7.0\HIC15FW\HIC15FW\ArduinoCore\Debug\libArduinoCore.a(Adafruit_GFX.o)
                0x00002f8e                _ZN12Adafruit_GFX11setTextSizeEhh
 .text._ZN12Adafruit_GFX11setTextSizeEh
                0x00002fa4        0x6 H:\04_work\projects\67.HIC-NAOMI\HIC 15\Firmware _Atmel Studio 7.0\HIC15FW\HIC15FW\ArduinoCore\Debug\libArduinoCore.a(Adafruit_GFX.o)
                0x00002fa4                _ZN12Adafruit_GFX11setTextSizeEh
 .text._ZN16Adafruit_SSD13069drawPixelEiij
                0x00002faa      0x17a H:\04_work\projects\67.HIC-NAOMI\HIC 15\Firmware _Atmel Studio 7.0\HIC15FW\HIC15FW\ArduinoCore\Debug\libArduinoCore.a(Adafruit_SSD1306.o)
                0x00002faa                _ZN16Adafruit_SSD13069drawPixelEiij
 .text._ZN8SPIClass16beginTransactionE11SPISettings
                0x00003124       0x34 H:\04_work\projects\67.HIC-NAOMI\HIC 15\Firmware _Atmel Studio 7.0\HIC15FW\HIC15FW\ArduinoCore\Debug\libArduinoCore.a(Adafruit_SSD1306.o)
                0x00003124                _ZN8SPIClass16beginTransactionE11SPISettings
 .text._ZN8SPIClass8transferEh
                0x00003158        0xe H:\04_work\projects\67.HIC-NAOMI\HIC 15\Firmware _Atmel Studio 7.0\HIC15FW\HIC15FW\ArduinoCore\Debug\libArduinoCore.a(Adafruit_SSD1306.o)
                0x00003158                _ZN8SPIClass8transferEh
 .text._ZN8SPIClass14endTransactionEv
                0x00003166       0x22 H:\04_work\projects\67.HIC-NAOMI\HIC 15\Firmware _Atmel Studio 7.0\HIC15FW\HIC15FW\ArduinoCore\Debug\libArduinoCore.a(Adafruit_SSD1306.o)
                0x00003166                _ZN8SPIClass14endTransactionEv
 .text._ZN16Adafruit_SSD1306C2Ehhaaaaa
                0x00003188       0x4e H:\04_work\projects\67.HIC-NAOMI\HIC 15\Firmware _Atmel Studio 7.0\HIC15FW\HIC15FW\ArduinoCore\Debug\libArduinoCore.a(Adafruit_SSD1306.o)
                0x00003188                _ZN16Adafruit_SSD1306C2Ehhaaaaa
                0x00003188                _ZN16Adafruit_SSD1306C1Ehhaaaaa
 .text._ZN16Adafruit_SSD1306D2Ev
                0x000031d6       0x18 H:\04_work\projects\67.HIC-NAOMI\HIC 15\Firmware _Atmel Studio 7.0\HIC15FW\HIC15FW\ArduinoCore\Debug\libArduinoCore.a(Adafruit_SSD1306.o)
                0x000031d6                _ZN16Adafruit_SSD1306D1Ev
                0x000031d6                _ZN16Adafruit_SSD1306D2Ev
 .text._ZN16Adafruit_SSD130616ssd1306_command1Eh
                0x000031ee       0xc2 H:\04_work\projects\67.HIC-NAOMI\HIC 15\Firmware _Atmel Studio 7.0\HIC15FW\HIC15FW\ArduinoCore\Debug\libArduinoCore.a(Adafruit_SSD1306.o)
                0x000031ee                _ZN16Adafruit_SSD130616ssd1306_command1Eh
 .text._ZN16Adafruit_SSD130613invertDisplayEb
                0x000032b0       0x8e H:\04_work\projects\67.HIC-NAOMI\HIC 15\Firmware _Atmel Studio 7.0\HIC15FW\HIC15FW\ArduinoCore\Debug\libArduinoCore.a(Adafruit_SSD1306.o)
                0x000032b0                _ZN16Adafruit_SSD130613invertDisplayEb
 .text._ZN16Adafruit_SSD130619ssd1306_commandListEPKhh
                0x0000333e      0x134 H:\04_work\projects\67.HIC-NAOMI\HIC 15\Firmware _Atmel Studio 7.0\HIC15FW\HIC15FW\ArduinoCore\Debug\libArduinoCore.a(Adafruit_SSD1306.o)
                0x0000333e                _ZN16Adafruit_SSD130619ssd1306_commandListEPKhh
 .text._ZN16Adafruit_SSD130612clearDisplayEv
                0x00003472       0x3c H:\04_work\projects\67.HIC-NAOMI\HIC 15\Firmware _Atmel Studio 7.0\HIC15FW\HIC15FW\ArduinoCore\Debug\libArduinoCore.a(Adafruit_SSD1306.o)
                0x00003472                _ZN16Adafruit_SSD130612clearDisplayEv
 .text._ZN16Adafruit_SSD13065beginEhhbb
                0x000034ae      0x3a8 H:\04_work\projects\67.HIC-NAOMI\HIC 15\Firmware _Atmel Studio 7.0\HIC15FW\HIC15FW\ArduinoCore\Debug\libArduinoCore.a(Adafruit_SSD1306.o)
                0x000034ae                _ZN16Adafruit_SSD13065beginEhhbb
 .text._ZN16Adafruit_SSD130621drawFastHLineInternalEiiij
                0x00003856       0xe0 H:\04_work\projects\67.HIC-NAOMI\HIC 15\Firmware _Atmel Studio 7.0\HIC15FW\HIC15FW\ArduinoCore\Debug\libArduinoCore.a(Adafruit_SSD1306.o)
                0x00003856                _ZN16Adafruit_SSD130621drawFastHLineInternalEiiij
 .text._ZN16Adafruit_SSD130621drawFastVLineInternalEiiij
                0x00003936      0x16a H:\04_work\projects\67.HIC-NAOMI\HIC 15\Firmware _Atmel Studio 7.0\HIC15FW\HIC15FW\ArduinoCore\Debug\libArduinoCore.a(Adafruit_SSD1306.o)
                0x00003936                _ZN16Adafruit_SSD130621drawFastVLineInternalEiiij
 .text._ZN16Adafruit_SSD130613drawFastHLineEiiij
                0x00003aa0       0x82 H:\04_work\projects\67.HIC-NAOMI\HIC 15\Firmware _Atmel Studio 7.0\HIC15FW\HIC15FW\ArduinoCore\Debug\libArduinoCore.a(Adafruit_SSD1306.o)
                0x00003aa0                _ZN16Adafruit_SSD130613drawFastHLineEiiij
 .text._ZN16Adafruit_SSD130613drawFastVLineEiiij
                0x00003b22       0x84 H:\04_work\projects\67.HIC-NAOMI\HIC 15\Firmware _Atmel Studio 7.0\HIC15FW\HIC15FW\ArduinoCore\Debug\libArduinoCore.a(Adafruit_SSD1306.o)
                0x00003b22                _ZN16Adafruit_SSD130613drawFastVLineEiiij
 .text._ZN16Adafruit_SSD13067displayEv
                0x00003ba6      0x1dc H:\04_work\projects\67.HIC-NAOMI\HIC 15\Firmware _Atmel Studio 7.0\HIC15FW\HIC15FW\ArduinoCore\Debug\libArduinoCore.a(Adafruit_SSD1306.o)
                0x00003ba6                _ZN16Adafruit_SSD13067displayEv
 .text._ZN8SPIClass5beginEv
                0x00003d82       0x6c H:\04_work\projects\67.HIC-NAOMI\HIC 15\Firmware _Atmel Studio 7.0\HIC15FW\HIC15FW\ArduinoCore\Debug\libArduinoCore.a(SPI.o)
                0x00003d82                _ZN8SPIClass5beginEv
 .text._ZN7TwoWire9availableEv
                0x00003dee       0x10 H:\04_work\projects\67.HIC-NAOMI\HIC 15\Firmware _Atmel Studio 7.0\HIC15FW\HIC15FW\ArduinoCore\Debug\libArduinoCore.a(Wire.o)
                0x00003dee                _ZN7TwoWire9availableEv
 .text._ZN7TwoWire4readEv
                0x00003dfe       0x28 H:\04_work\projects\67.HIC-NAOMI\HIC 15\Firmware _Atmel Studio 7.0\HIC15FW\HIC15FW\ArduinoCore\Debug\libArduinoCore.a(Wire.o)
                0x00003dfe                _ZN7TwoWire4readEv
 .text._ZN7TwoWire4peekEv
                0x00003e26       0x1e H:\04_work\projects\67.HIC-NAOMI\HIC 15\Firmware _Atmel Studio 7.0\HIC15FW\HIC15FW\ArduinoCore\Debug\libArduinoCore.a(Wire.o)
                0x00003e26                _ZN7TwoWire4peekEv
 .text._ZN7TwoWire5flushEv
                0x00003e44        0x2 H:\04_work\projects\67.HIC-NAOMI\HIC 15\Firmware _Atmel Studio 7.0\HIC15FW\HIC15FW\ArduinoCore\Debug\libArduinoCore.a(Wire.o)
                0x00003e44                _ZN7TwoWire5flushEv
 .text._ZN7TwoWire16onReceiveServiceEPhi
                0x00003e46       0x54 H:\04_work\projects\67.HIC-NAOMI\HIC 15\Firmware _Atmel Studio 7.0\HIC15FW\HIC15FW\ArduinoCore\Debug\libArduinoCore.a(Wire.o)
                0x00003e46                _ZN7TwoWire16onReceiveServiceEPhi
 .text._ZN7TwoWire16onRequestServiceEv
                0x00003e9a       0x18 H:\04_work\projects\67.HIC-NAOMI\HIC 15\Firmware _Atmel Studio 7.0\HIC15FW\HIC15FW\ArduinoCore\Debug\libArduinoCore.a(Wire.o)
                0x00003e9a                _ZN7TwoWire16onRequestServiceEv
 .text._ZN7TwoWire5writeEPKhj
                0x00003eb2       0x5a H:\04_work\projects\67.HIC-NAOMI\HIC 15\Firmware _Atmel Studio 7.0\HIC15FW\HIC15FW\ArduinoCore\Debug\libArduinoCore.a(Wire.o)
                0x00003eb2                _ZN7TwoWire5writeEPKhj
 .text._ZN7TwoWire5writeEh
                0x00003f0c       0x5e H:\04_work\projects\67.HIC-NAOMI\HIC 15\Firmware _Atmel Studio 7.0\HIC15FW\HIC15FW\ArduinoCore\Debug\libArduinoCore.a(Wire.o)
                0x00003f0c                _ZN7TwoWire5writeEh
 .text._ZN7TwoWireC2Ev
                0x00003f6a       0x20 H:\04_work\projects\67.HIC-NAOMI\HIC 15\Firmware _Atmel Studio 7.0\HIC15FW\HIC15FW\ArduinoCore\Debug\libArduinoCore.a(Wire.o)
                0x00003f6a                _ZN7TwoWireC1Ev
                0x00003f6a                _ZN7TwoWireC2Ev
 .text._ZN7TwoWire5beginEv
                0x00003f8a       0x24 H:\04_work\projects\67.HIC-NAOMI\HIC 15\Firmware _Atmel Studio 7.0\HIC15FW\HIC15FW\ArduinoCore\Debug\libArduinoCore.a(Wire.o)
                0x00003f8a                _ZN7TwoWire5beginEv
 .text._ZN7TwoWire8setClockEm
                0x00003fae        0x8 H:\04_work\projects\67.HIC-NAOMI\HIC 15\Firmware _Atmel Studio 7.0\HIC15FW\HIC15FW\ArduinoCore\Debug\libArduinoCore.a(Wire.o)
                0x00003fae                _ZN7TwoWire8setClockEm
 .text._ZN7TwoWire17beginTransmissionEh
                0x00003fb6       0x14 H:\04_work\projects\67.HIC-NAOMI\HIC 15\Firmware _Atmel Studio 7.0\HIC15FW\HIC15FW\ArduinoCore\Debug\libArduinoCore.a(Wire.o)
                0x00003fb6                _ZN7TwoWire17beginTransmissionEh
 .text._ZN7TwoWire17beginTransmissionEi
                0x00003fca        0x4 H:\04_work\projects\67.HIC-NAOMI\HIC 15\Firmware _Atmel Studio 7.0\HIC15FW\HIC15FW\ArduinoCore\Debug\libArduinoCore.a(Wire.o)
                0x00003fca                _ZN7TwoWire17beginTransmissionEi
 .text._ZN7TwoWire15endTransmissionEh
                0x00003fce       0x26 H:\04_work\projects\67.HIC-NAOMI\HIC 15\Firmware _Atmel Studio 7.0\HIC15FW\HIC15FW\ArduinoCore\Debug\libArduinoCore.a(Wire.o)
                0x00003fce                _ZN7TwoWire15endTransmissionEh
 .text._ZN7TwoWire15endTransmissionEv
                0x00003ff4        0x6 H:\04_work\projects\67.HIC-NAOMI\HIC 15\Firmware _Atmel Studio 7.0\HIC15FW\HIC15FW\ArduinoCore\Debug\libArduinoCore.a(Wire.o)
                0x00003ff4                _ZN7TwoWire15endTransmissionEv
 .text.startup._GLOBAL__sub_I__ZN7TwoWire8rxBufferE
                0x00003ffa        0x8 H:\04_work\projects\67.HIC-NAOMI\HIC 15\Firmware _Atmel Studio 7.0\HIC15FW\HIC15FW\ArduinoCore\Debug\libArduinoCore.a(Wire.o)
 .text.__cxa_pure_virtual
                0x00004002        0x4 H:\04_work\projects\67.HIC-NAOMI\HIC 15\Firmware _Atmel Studio 7.0\HIC15FW\HIC15FW\ArduinoCore\Debug\libArduinoCore.a(abi.o)
                0x00004002                __cxa_pure_virtual
 .text.__empty  0x00004006        0x2 H:\04_work\projects\67.HIC-NAOMI\HIC 15\Firmware _Atmel Studio 7.0\HIC15FW\HIC15FW\ArduinoCore\Debug\libArduinoCore.a(hooks.o)
                0x00004006                yield
 .text.twi_init
                0x00004008       0x3c H:\04_work\projects\67.HIC-NAOMI\HIC 15\Firmware _Atmel Studio 7.0\HIC15FW\HIC15FW\ArduinoCore\Debug\libArduinoCore.a(twi.o)
                0x00004008                twi_init
 .text.twi_setFrequency
                0x00004044       0x28 H:\04_work\projects\67.HIC-NAOMI\HIC 15\Firmware _Atmel Studio 7.0\HIC15FW\HIC15FW\ArduinoCore\Debug\libArduinoCore.a(twi.o)
                0x00004044                twi_setFrequency
 .text.twi_writeTo
                0x0000406c       0xac H:\04_work\projects\67.HIC-NAOMI\HIC 15\Firmware _Atmel Studio 7.0\HIC15FW\HIC15FW\ArduinoCore\Debug\libArduinoCore.a(twi.o)
                0x0000406c                twi_writeTo
 .text.twi_transmit
                0x00004118       0x50 H:\04_work\projects\67.HIC-NAOMI\HIC 15\Firmware _Atmel Studio 7.0\HIC15FW\HIC15FW\ArduinoCore\Debug\libArduinoCore.a(twi.o)
                0x00004118                twi_transmit
 .text.twi_attachSlaveRxEvent
                0x00004168        0xa H:\04_work\projects\67.HIC-NAOMI\HIC 15\Firmware _Atmel Studio 7.0\HIC15FW\HIC15FW\ArduinoCore\Debug\libArduinoCore.a(twi.o)
                0x00004168                twi_attachSlaveRxEvent
 .text.twi_attachSlaveTxEvent
                0x00004172        0xa H:\04_work\projects\67.HIC-NAOMI\HIC 15\Firmware _Atmel Studio 7.0\HIC15FW\HIC15FW\ArduinoCore\Debug\libArduinoCore.a(twi.o)
                0x00004172                twi_attachSlaveTxEvent
 .text.twi_stop
                0x0000417c       0x14 H:\04_work\projects\67.HIC-NAOMI\HIC 15\Firmware _Atmel Studio 7.0\HIC15FW\HIC15FW\ArduinoCore\Debug\libArduinoCore.a(twi.o)
                0x0000417c                twi_stop
 .text.twi_releaseBus
                0x00004190        0xc H:\04_work\projects\67.HIC-NAOMI\HIC 15\Firmware _Atmel Studio 7.0\HIC15FW\HIC15FW\ArduinoCore\Debug\libArduinoCore.a(twi.o)
                0x00004190                twi_releaseBus
 .text.__vector_24
                0x0000419c      0x25a H:\04_work\projects\67.HIC-NAOMI\HIC 15\Firmware _Atmel Studio 7.0\HIC15FW\HIC15FW\ArduinoCore\Debug\libArduinoCore.a(twi.o)
                0x0000419c                __vector_24
 .text.libgcc.div
                0x000043f6       0x18 c:/program files (x86)/atmel/studio/7.0/toolchain/avr8/avr8-gnu-toolchain/bin/../lib/gcc/avr/5.4.0/avr5\libgcc.a(_udivmodqi4.o)
                0x000043f6                __udivmodqi4
 .text.libgcc.div
                0x0000440e       0x28 c:/program files (x86)/atmel/studio/7.0/toolchain/avr8/avr8-gnu-toolchain/bin/../lib/gcc/avr/5.4.0/avr5\libgcc.a(_divmodhi4.o)
                0x0000440e                _div
                0x0000440e                __divmodhi4
 .text.libgcc.div
                0x00004436       0x44 c:/program files (x86)/atmel/studio/7.0/toolchain/avr8/avr8-gnu-toolchain/bin/../lib/gcc/avr/5.4.0/avr5\libgcc.a(_udivmodsi4.o)
                0x00004436                __udivmodsi4
 .text.libgcc.div
                0x0000447a       0x28 c:/program files (x86)/atmel/studio/7.0/toolchain/avr8/avr8-gnu-toolchain/bin/../lib/gcc/avr/5.4.0/avr5\libgcc.a(_udivmodhi4.o)
                0x0000447a                __udivmodhi4
 .text.libgcc   0x000044a2        0xc c:/program files (x86)/atmel/studio/7.0/toolchain/avr8/avr8-gnu-toolchain/bin/../lib/gcc/avr/5.4.0/avr5\libgcc.a(_tablejump2.o)
                0x000044a2                __tablejump2__
 .text.avr-libc
                0x000044ae      0x242 c:/program files (x86)/atmel/studio/7.0/toolchain/avr8/avr8-gnu-toolchain/bin/../lib/gcc/avr/5.4.0/../../../../avr/lib/avr5\libc.a(malloc.o)
                0x000044ae                malloc
                0x000045de                free
 .text.avr-libc
                0x000046f0        0xa c:/program files (x86)/atmel/studio/7.0/toolchain/avr8/avr8-gnu-toolchain/bin/../lib/gcc/avr/5.4.0/../../../../avr/lib/avr5\libc.a(abort.o)
                0x000046f0                abort
 .text.avr-libc
                0x000046fa        0xe c:/program files (x86)/atmel/studio/7.0/toolchain/avr8/avr8-gnu-toolchain/bin/../lib/gcc/avr/5.4.0/../../../../avr/lib/avr5\libc.a(memset.o)
                0x000046fa                memset
 .text.avr-libc
                0x00004708       0x44 c:/program files (x86)/atmel/studio/7.0/toolchain/avr8/avr8-gnu-toolchain/bin/../lib/gcc/avr/5.4.0/../../../../avr/lib/avr5\libc.a(sprintf.o)
                0x00004708                sprintf
 .text.avr-libc
                0x0000474c      0x3c2 c:/program files (x86)/atmel/studio/7.0/toolchain/avr8/avr8-gnu-toolchain/bin/../lib/gcc/avr/5.4.0/../../../../avr/lib/avr5\libc.a(vfprintf_std.o)
                0x0000474c                vfprintf
 .text.avr-libc
                0x00004b0e       0x16 c:/program files (x86)/atmel/studio/7.0/toolchain/avr8/avr8-gnu-toolchain/bin/../lib/gcc/avr/5.4.0/../../../../avr/lib/avr5\libc.a(strnlen_P.o)
                0x00004b0e                strnlen_P
 .text.avr-libc
                0x00004b24       0x16 c:/program files (x86)/atmel/studio/7.0/toolchain/avr8/avr8-gnu-toolchain/bin/../lib/gcc/avr/5.4.0/../../../../avr/lib/avr5\libc.a(strnlen.o)
                0x00004b24                strnlen
 .text.avr-libc
                0x00004b3a       0x78 c:/program files (x86)/atmel/studio/7.0/toolchain/avr8/avr8-gnu-toolchain/bin/../lib/gcc/avr/5.4.0/../../../../avr/lib/avr5\libc.a(fputc.o)
                0x00004b3a                fputc
 .text.avr-libc
                0x00004bb2       0xbc c:/program files (x86)/atmel/studio/7.0/toolchain/avr8/avr8-gnu-toolchain/bin/../lib/gcc/avr/5.4.0/../../../../avr/lib/avr5\libc.a(ultoa_invert.o)
                0x00004bb2                __ultoa_invert
 .text.libgcc.prologue
                0x00004c6e       0x38 c:/program files (x86)/atmel/studio/7.0/toolchain/avr8/avr8-gnu-toolchain/bin/../lib/gcc/avr/5.4.0/avr5\libgcc.a(_prologue.o)
                0x00004c6e                __prologue_saves__
 .text.libgcc.prologue
                0x00004ca6       0x36 c:/program files (x86)/atmel/studio/7.0/toolchain/avr8/avr8-gnu-toolchain/bin/../lib/gcc/avr/5.4.0/avr5\libgcc.a(_epilogue.o)
                0x00004ca6                __epilogue_restores__
                0x00004cdc                . = ALIGN (0x2)
 *(.fini9)
 .fini9         0x00004cdc        0x0 c:/program files (x86)/atmel/studio/7.0/toolchain/avr8/avr8-gnu-toolchain/bin/../lib/gcc/avr/5.4.0/avr5\libgcc.a(_exit.o)
                0x00004cdc                _exit
                0x00004cdc                exit
 *(.fini9)
 *(.fini8)
 *(.fini8)
 *(.fini7)
 *(.fini7)
 *(.fini6)
 .fini6         0x00004cdc       0x16 c:/program files (x86)/atmel/studio/7.0/toolchain/avr8/avr8-gnu-toolchain/bin/../lib/gcc/avr/5.4.0/avr5\libgcc.a(_dtors.o)
                0x00004cdc                __do_global_dtors
 *(.fini6)
 *(.fini5)
 *(.fini5)
 *(.fini4)
 *(.fini4)
 *(.fini3)
 *(.fini3)
 *(.fini2)
 *(.fini2)
 *(.fini1)
 *(.fini1)
 *(.fini0)
 .fini0         0x00004cf2        0x4 c:/program files (x86)/atmel/studio/7.0/toolchain/avr8/avr8-gnu-toolchain/bin/../lib/gcc/avr/5.4.0/avr5\libgcc.a(_exit.o)
 *(.fini0)
                0x00004cf6                _etext = .

.data           0x00800100       0x9c load address 0x00004cf6
                0x00800100                PROVIDE (__data_start, .)
 *(.data)
 .data          0x00800100        0x6 c:/program files (x86)/atmel/studio/7.0/toolchain/avr8/avr8-gnu-toolchain/bin/../lib/gcc/avr/5.4.0/../../../../avr/lib/avr5\libc.a(malloc.o)
                0x00800100                __malloc_heap_end
                0x00800102                __malloc_heap_start
                0x00800104                __malloc_margin
 *(.data*)
 .data.isPowerOn
                0x00800106        0x1 Sketch.o
                0x00800106                isPowerOn
 .data.analog_reference
                0x00800107        0x1 H:\04_work\projects\67.HIC-NAOMI\HIC 15\Firmware _Atmel Studio 7.0\HIC15FW\HIC15FW\ArduinoCore\Debug\libArduinoCore.a(wiring_analog.o)
                0x00800107                analog_reference
 *(.gnu.linkonce.d*)
 *(.rodata)
 *(.rodata*)
 .rodata.str1.1
                0x00800108        0x8 Sketch.o
 .rodata._ZTV14HardwareSerial
                0x00800110       0x12 H:\04_work\projects\67.HIC-NAOMI\HIC 15\Firmware _Atmel Studio 7.0\HIC15FW\HIC15FW\ArduinoCore\Debug\libArduinoCore.a(HardwareSerial.o)
                0x00800110                _ZTV14HardwareSerial
 .rodata.str1.1
                0x00800122        0xf H:\04_work\projects\67.HIC-NAOMI\HIC 15\Firmware _Atmel Studio 7.0\HIC15FW\HIC15FW\ArduinoCore\Debug\libArduinoCore.a(Print.o)
 .rodata._ZTV12Adafruit_GFX
                0x00800131       0x2c H:\04_work\projects\67.HIC-NAOMI\HIC 15\Firmware _Atmel Studio 7.0\HIC15FW\HIC15FW\ArduinoCore\Debug\libArduinoCore.a(Adafruit_GFX.o)
                0x00800131                _ZTV12Adafruit_GFX
 .rodata._ZTV16Adafruit_SSD1306
                0x0080015d       0x2c H:\04_work\projects\67.HIC-NAOMI\HIC 15\Firmware _Atmel Studio 7.0\HIC15FW\HIC15FW\ArduinoCore\Debug\libArduinoCore.a(Adafruit_SSD1306.o)
                0x0080015d                _ZTV16Adafruit_SSD1306
 .rodata._ZTV7TwoWire
                0x00800189       0x12 H:\04_work\projects\67.HIC-NAOMI\HIC 15\Firmware _Atmel Studio 7.0\HIC15FW\HIC15FW\ArduinoCore\Debug\libArduinoCore.a(Wire.o)
                0x00800189                _ZTV7TwoWire
 *(.gnu.linkonce.r*)
                0x0080019c                . = ALIGN (0x2)
 *fill*         0x0080019b        0x1 
                0x0080019c                _edata = .
                0x0080019c                PROVIDE (__data_end, .)

.bss            0x0080019c      0x25b
                0x0080019c                PROVIDE (__bss_start, .)
 *(.bss)
 *(.bss*)
 .bss.btnCnt    0x0080019c        0x1 Sketch.o
                0x0080019c                btnCnt
 .bss.cntBuf    0x0080019d        0x1 Sketch.o
                0x0080019d                cntBuf
 .bss.ac        0x0080019e       0x3c Sketch.o
                0x0080019e                ac
 .bss.rawZ      0x008001da       0x1e Sketch.o
                0x008001da                rawZ
 .bss.rawY      0x008001f8       0x1e Sketch.o
                0x008001f8                rawY
 .bss.rawX      0x00800216       0x1e Sketch.o
                0x00800216                rawX
 .bss.scaledZ   0x00800234        0x4 Sketch.o
                0x00800234                scaledZ
 .bss.scaledY   0x00800238        0x4 Sketch.o
                0x00800238                scaledY
 .bss.scaledX   0x0080023c        0x4 Sketch.o
                0x0080023c                scaledX
 .bss.tcount    0x00800240        0x2 Sketch.o
                0x00800240                tcount
 .bss.maxHIC15  0x00800242        0x4 Sketch.o
                0x00800242                maxHIC15
 .bss.display   0x00800246       0x3f Sketch.o
                0x00800246                display
 .bss.Serial    0x00800285       0x9d H:\04_work\projects\67.HIC-NAOMI\HIC 15\Firmware _Atmel Studio 7.0\HIC15FW\HIC15FW\ArduinoCore\Debug\libArduinoCore.a(HardwareSerial0.o)
                0x00800285                Serial
 .bss.timer0_fract
                0x00800322        0x1 H:\04_work\projects\67.HIC-NAOMI\HIC 15\Firmware _Atmel Studio 7.0\HIC15FW\HIC15FW\ArduinoCore\Debug\libArduinoCore.a(wiring.o)
 .bss.timer0_millis
                0x00800323        0x4 H:\04_work\projects\67.HIC-NAOMI\HIC 15\Firmware _Atmel Studio 7.0\HIC15FW\HIC15FW\ArduinoCore\Debug\libArduinoCore.a(wiring.o)
                0x00800323                timer0_millis
 .bss.timer0_overflow_count
                0x00800327        0x4 H:\04_work\projects\67.HIC-NAOMI\HIC 15\Firmware _Atmel Studio 7.0\HIC15FW\HIC15FW\ArduinoCore\Debug\libArduinoCore.a(wiring.o)
                0x00800327                timer0_overflow_count
 .bss._ZN8SPIClass13interruptSaveE
                0x0080032b        0x1 H:\04_work\projects\67.HIC-NAOMI\HIC 15\Firmware _Atmel Studio 7.0\HIC15FW\HIC15FW\ArduinoCore\Debug\libArduinoCore.a(SPI.o)
                0x0080032b                _ZN8SPIClass13interruptSaveE
 .bss._ZN8SPIClass13interruptMaskE
                0x0080032c        0x1 H:\04_work\projects\67.HIC-NAOMI\HIC 15\Firmware _Atmel Studio 7.0\HIC15FW\HIC15FW\ArduinoCore\Debug\libArduinoCore.a(SPI.o)
                0x0080032c                _ZN8SPIClass13interruptMaskE
 .bss._ZN8SPIClass13interruptModeE
                0x0080032d        0x1 H:\04_work\projects\67.HIC-NAOMI\HIC 15\Firmware _Atmel Studio 7.0\HIC15FW\HIC15FW\ArduinoCore\Debug\libArduinoCore.a(SPI.o)
                0x0080032d                _ZN8SPIClass13interruptModeE
 .bss._ZN8SPIClass11initializedE
                0x0080032e        0x1 H:\04_work\projects\67.HIC-NAOMI\HIC 15\Firmware _Atmel Studio 7.0\HIC15FW\HIC15FW\ArduinoCore\Debug\libArduinoCore.a(SPI.o)
                0x0080032e                _ZN8SPIClass11initializedE
 .bss.Wire      0x0080032f        0xc H:\04_work\projects\67.HIC-NAOMI\HIC 15\Firmware _Atmel Studio 7.0\HIC15FW\HIC15FW\ArduinoCore\Debug\libArduinoCore.a(Wire.o)
                0x0080032f                Wire
 .bss._ZN7TwoWire14user_onReceiveE
                0x0080033b        0x2 H:\04_work\projects\67.HIC-NAOMI\HIC 15\Firmware _Atmel Studio 7.0\HIC15FW\HIC15FW\ArduinoCore\Debug\libArduinoCore.a(Wire.o)
                0x0080033b                _ZN7TwoWire14user_onReceiveE
 .bss._ZN7TwoWire14user_onRequestE
                0x0080033d        0x2 H:\04_work\projects\67.HIC-NAOMI\HIC 15\Firmware _Atmel Studio 7.0\HIC15FW\HIC15FW\ArduinoCore\Debug\libArduinoCore.a(Wire.o)
                0x0080033d                _ZN7TwoWire14user_onRequestE
 .bss._ZN7TwoWire12transmittingE
                0x0080033f        0x1 H:\04_work\projects\67.HIC-NAOMI\HIC 15\Firmware _Atmel Studio 7.0\HIC15FW\HIC15FW\ArduinoCore\Debug\libArduinoCore.a(Wire.o)
                0x0080033f                _ZN7TwoWire12transmittingE
 .bss._ZN7TwoWire14txBufferLengthE
                0x00800340        0x1 H:\04_work\projects\67.HIC-NAOMI\HIC 15\Firmware _Atmel Studio 7.0\HIC15FW\HIC15FW\ArduinoCore\Debug\libArduinoCore.a(Wire.o)
                0x00800340                _ZN7TwoWire14txBufferLengthE
 .bss._ZN7TwoWire13txBufferIndexE
                0x00800341        0x1 H:\04_work\projects\67.HIC-NAOMI\HIC 15\Firmware _Atmel Studio 7.0\HIC15FW\HIC15FW\ArduinoCore\Debug\libArduinoCore.a(Wire.o)
                0x00800341                _ZN7TwoWire13txBufferIndexE
 .bss._ZN7TwoWire8txBufferE
                0x00800342       0x20 H:\04_work\projects\67.HIC-NAOMI\HIC 15\Firmware _Atmel Studio 7.0\HIC15FW\HIC15FW\ArduinoCore\Debug\libArduinoCore.a(Wire.o)
                0x00800342                _ZN7TwoWire8txBufferE
 .bss._ZN7TwoWire9txAddressE
                0x00800362        0x1 H:\04_work\projects\67.HIC-NAOMI\HIC 15\Firmware _Atmel Studio 7.0\HIC15FW\HIC15FW\ArduinoCore\Debug\libArduinoCore.a(Wire.o)
                0x00800362                _ZN7TwoWire9txAddressE
 .bss._ZN7TwoWire14rxBufferLengthE
                0x00800363        0x1 H:\04_work\projects\67.HIC-NAOMI\HIC 15\Firmware _Atmel Studio 7.0\HIC15FW\HIC15FW\ArduinoCore\Debug\libArduinoCore.a(Wire.o)
                0x00800363                _ZN7TwoWire14rxBufferLengthE
 .bss._ZN7TwoWire13rxBufferIndexE
                0x00800364        0x1 H:\04_work\projects\67.HIC-NAOMI\HIC 15\Firmware _Atmel Studio 7.0\HIC15FW\HIC15FW\ArduinoCore\Debug\libArduinoCore.a(Wire.o)
                0x00800364                _ZN7TwoWire13rxBufferIndexE
 .bss._ZN7TwoWire8rxBufferE
                0x00800365       0x20 H:\04_work\projects\67.HIC-NAOMI\HIC 15\Firmware _Atmel Studio 7.0\HIC15FW\HIC15FW\ArduinoCore\Debug\libArduinoCore.a(Wire.o)
                0x00800365                _ZN7TwoWire8rxBufferE
 .bss.twi_error
                0x00800385        0x1 H:\04_work\projects\67.HIC-NAOMI\HIC 15\Firmware _Atmel Studio 7.0\HIC15FW\HIC15FW\ArduinoCore\Debug\libArduinoCore.a(twi.o)
 .bss.twi_rxBufferIndex
                0x00800386        0x1 H:\04_work\projects\67.HIC-NAOMI\HIC 15\Firmware _Atmel Studio 7.0\HIC15FW\HIC15FW\ArduinoCore\Debug\libArduinoCore.a(twi.o)
 .bss.twi_rxBuffer
                0x00800387       0x20 H:\04_work\projects\67.HIC-NAOMI\HIC 15\Firmware _Atmel Studio 7.0\HIC15FW\HIC15FW\ArduinoCore\Debug\libArduinoCore.a(twi.o)
 .bss.twi_txBufferLength
                0x008003a7        0x1 H:\04_work\projects\67.HIC-NAOMI\HIC 15\Firmware _Atmel Studio 7.0\HIC15FW\HIC15FW\ArduinoCore\Debug\libArduinoCore.a(twi.o)
 .bss.twi_txBufferIndex
                0x008003a8        0x1 H:\04_work\projects\67.HIC-NAOMI\HIC 15\Firmware _Atmel Studio 7.0\HIC15FW\HIC15FW\ArduinoCore\Debug\libArduinoCore.a(twi.o)
 .bss.twi_txBuffer
                0x008003a9       0x20 H:\04_work\projects\67.HIC-NAOMI\HIC 15\Firmware _Atmel Studio 7.0\HIC15FW\HIC15FW\ArduinoCore\Debug\libArduinoCore.a(twi.o)
 .bss.twi_masterBufferLength
                0x008003c9        0x1 H:\04_work\projects\67.HIC-NAOMI\HIC 15\Firmware _Atmel Studio 7.0\HIC15FW\HIC15FW\ArduinoCore\Debug\libArduinoCore.a(twi.o)
 .bss.twi_masterBufferIndex
                0x008003ca        0x1 H:\04_work\projects\67.HIC-NAOMI\HIC 15\Firmware _Atmel Studio 7.0\HIC15FW\HIC15FW\ArduinoCore\Debug\libArduinoCore.a(twi.o)
 .bss.twi_masterBuffer
                0x008003cb       0x20 H:\04_work\projects\67.HIC-NAOMI\HIC 15\Firmware _Atmel Studio 7.0\HIC15FW\HIC15FW\ArduinoCore\Debug\libArduinoCore.a(twi.o)
 .bss.twi_onSlaveReceive
                0x008003eb        0x2 H:\04_work\projects\67.HIC-NAOMI\HIC 15\Firmware _Atmel Studio 7.0\HIC15FW\HIC15FW\ArduinoCore\Debug\libArduinoCore.a(twi.o)
 .bss.twi_onSlaveTransmit
                0x008003ed        0x2 H:\04_work\projects\67.HIC-NAOMI\HIC 15\Firmware _Atmel Studio 7.0\HIC15FW\HIC15FW\ArduinoCore\Debug\libArduinoCore.a(twi.o)
 .bss.twi_inRepStart
                0x008003ef        0x1 H:\04_work\projects\67.HIC-NAOMI\HIC 15\Firmware _Atmel Studio 7.0\HIC15FW\HIC15FW\ArduinoCore\Debug\libArduinoCore.a(twi.o)
 .bss.twi_sendStop
                0x008003f0        0x1 H:\04_work\projects\67.HIC-NAOMI\HIC 15\Firmware _Atmel Studio 7.0\HIC15FW\HIC15FW\ArduinoCore\Debug\libArduinoCore.a(twi.o)
 .bss.twi_slarw
                0x008003f1        0x1 H:\04_work\projects\67.HIC-NAOMI\HIC 15\Firmware _Atmel Studio 7.0\HIC15FW\HIC15FW\ArduinoCore\Debug\libArduinoCore.a(twi.o)
 .bss.twi_state
                0x008003f2        0x1 H:\04_work\projects\67.HIC-NAOMI\HIC 15\Firmware _Atmel Studio 7.0\HIC15FW\HIC15FW\ArduinoCore\Debug\libArduinoCore.a(twi.o)
 *(COMMON)
 COMMON         0x008003f3        0x4 c:/program files (x86)/atmel/studio/7.0/toolchain/avr8/avr8-gnu-toolchain/bin/../lib/gcc/avr/5.4.0/../../../../avr/lib/avr5\libc.a(malloc.o)
                0x008003f3                __brkval
                0x008003f5                __flp
                0x008003f7                PROVIDE (__bss_end, .)
                0x00004cf6                __data_load_start = LOADADDR (.data)
                0x00004d92                __data_load_end = (__data_load_start + SIZEOF (.data))

.noinit         0x008003f7        0x0
                [!provide]                PROVIDE (__noinit_start, .)
 *(.noinit*)
                [!provide]                PROVIDE (__noinit_end, .)
                0x008003f7                _end = .
                0x008003f7                PROVIDE (__heap_start, .)

.eeprom         0x00810000        0x0
 *(.eeprom*)
                0x00810000                __eeprom_end = .

.fuse
 *(.fuse)
 *(.lfuse)
 *(.hfuse)
 *(.efuse)

.lock
 *(.lock*)

.signature
 *(.signature*)

.user_signatures
 *(.user_signatures*)

.stab
 *(.stab)

.stabstr
 *(.stabstr)

.stab.excl
 *(.stab.excl)

.stab.exclstr
 *(.stab.exclstr)

.stab.index
 *(.stab.index)

.stab.indexstr
 *(.stab.indexstr)

.comment        0x00000000       0x5c
 *(.comment)
 .comment       0x00000000       0x30 Sketch.o
                                 0x31 (size before relaxing)
 .comment       0x00000030       0x31 H:\04_work\projects\67.HIC-NAOMI\HIC 15\Firmware _Atmel Studio 7.0\HIC15FW\HIC15FW\ArduinoCore\Debug\libArduinoCore.a(HardwareSerial.o)
 .comment       0x00000030       0x31 H:\04_work\projects\67.HIC-NAOMI\HIC 15\Firmware _Atmel Studio 7.0\HIC15FW\HIC15FW\ArduinoCore\Debug\libArduinoCore.a(HardwareSerial0.o)
 .comment       0x00000030       0x31 H:\04_work\projects\67.HIC-NAOMI\HIC 15\Firmware _Atmel Studio 7.0\HIC15FW\HIC15FW\ArduinoCore\Debug\libArduinoCore.a(main.o)
 .comment       0x00000030       0x31 H:\04_work\projects\67.HIC-NAOMI\HIC 15\Firmware _Atmel Studio 7.0\HIC15FW\HIC15FW\ArduinoCore\Debug\libArduinoCore.a(Print.o)
 .comment       0x00000030       0x31 H:\04_work\projects\67.HIC-NAOMI\HIC 15\Firmware _Atmel Studio 7.0\HIC15FW\HIC15FW\ArduinoCore\Debug\libArduinoCore.a(wiring.o)
 .comment       0x00000030       0x31 H:\04_work\projects\67.HIC-NAOMI\HIC 15\Firmware _Atmel Studio 7.0\HIC15FW\HIC15FW\ArduinoCore\Debug\libArduinoCore.a(wiring_analog.o)
 .comment       0x00000030       0x31 H:\04_work\projects\67.HIC-NAOMI\HIC 15\Firmware _Atmel Studio 7.0\HIC15FW\HIC15FW\ArduinoCore\Debug\libArduinoCore.a(wiring_digital.o)
 .comment       0x00000030       0x31 H:\04_work\projects\67.HIC-NAOMI\HIC 15\Firmware _Atmel Studio 7.0\HIC15FW\HIC15FW\ArduinoCore\Debug\libArduinoCore.a(Adafruit_GFX.o)
 .comment       0x00000030       0x31 H:\04_work\projects\67.HIC-NAOMI\HIC 15\Firmware _Atmel Studio 7.0\HIC15FW\HIC15FW\ArduinoCore\Debug\libArduinoCore.a(Adafruit_SSD1306.o)
 .comment       0x00000030       0x31 H:\04_work\projects\67.HIC-NAOMI\HIC 15\Firmware _Atmel Studio 7.0\HIC15FW\HIC15FW\ArduinoCore\Debug\libArduinoCore.a(SPI.o)
 .comment       0x00000030       0x31 H:\04_work\projects\67.HIC-NAOMI\HIC 15\Firmware _Atmel Studio 7.0\HIC15FW\HIC15FW\ArduinoCore\Debug\libArduinoCore.a(Wire.o)
 .comment       0x00000030       0x31 H:\04_work\projects\67.HIC-NAOMI\HIC 15\Firmware _Atmel Studio 7.0\HIC15FW\HIC15FW\ArduinoCore\Debug\libArduinoCore.a(abi.o)
 .comment       0x00000030       0x31 H:\04_work\projects\67.HIC-NAOMI\HIC 15\Firmware _Atmel Studio 7.0\HIC15FW\HIC15FW\ArduinoCore\Debug\libArduinoCore.a(hooks.o)
 .comment       0x00000030       0x31 H:\04_work\projects\67.HIC-NAOMI\HIC 15\Firmware _Atmel Studio 7.0\HIC15FW\HIC15FW\ArduinoCore\Debug\libArduinoCore.a(twi.o)
 .comment       0x00000030       0x31 c:/program files (x86)/atmel/studio/7.0/toolchain/avr8/avr8-gnu-toolchain/bin/../lib/gcc/avr/5.4.0/../../../../avr/lib/avr5\libc.a(malloc.o)
 .comment       0x00000030       0x31 c:/program files (x86)/atmel/studio/7.0/toolchain/avr8/avr8-gnu-toolchain/bin/../lib/gcc/avr/5.4.0/../../../../avr/lib/avr5\libc.a(sprintf.o)
 .comment       0x00000030       0x2c c:/program files (x86)/atmel/studio/7.0/toolchain/avr8/avr8-gnu-toolchain/bin/../lib/gcc/avr/5.4.0/../../../../avr/lib/avr5\libc.a(vfprintf_std.o)
                                 0x2d (size before relaxing)
 .comment       0x0000005c       0x31 c:/program files (x86)/atmel/studio/7.0/toolchain/avr8/avr8-gnu-toolchain/bin/../lib/gcc/avr/5.4.0/../../../../avr/lib/avr5\libc.a(fputc.o)

.note.gnu.avr.deviceinfo
                0x00000000       0x40
 .note.gnu.avr.deviceinfo
                0x00000000       0x40 C:/Program Files (x86)/Atmel/Studio/7.0/Packs/Atmel/ATmega_DFP/1.3.300/gcc/dev/atmega328p/avr5/crtatmega328p.o

.note.gnu.build-id
 *(.note.gnu.build-id)

.debug
 *(.debug)

.line
 *(.line)

.debug_srcinfo
 *(.debug_srcinfo)

.debug_sfnames
 *(.debug_sfnames)

.debug_aranges  0x00000000      0x870
 *(.debug_aranges)
 .debug_aranges
                0x00000000       0x88 Sketch.o
 .debug_aranges
                0x00000088       0x68 H:\04_work\projects\67.HIC-NAOMI\HIC 15\Firmware _Atmel Studio 7.0\HIC15FW\HIC15FW\ArduinoCore\Debug\libArduinoCore.a(HardwareSerial.o)
 .debug_aranges
                0x000000f0       0x48 H:\04_work\projects\67.HIC-NAOMI\HIC 15\Firmware _Atmel Studio 7.0\HIC15FW\HIC15FW\ArduinoCore\Debug\libArduinoCore.a(HardwareSerial0.o)
 .debug_aranges
                0x00000138       0x30 H:\04_work\projects\67.HIC-NAOMI\HIC 15\Firmware _Atmel Studio 7.0\HIC15FW\HIC15FW\ArduinoCore\Debug\libArduinoCore.a(main.o)
 .debug_aranges
                0x00000168      0x100 H:\04_work\projects\67.HIC-NAOMI\HIC 15\Firmware _Atmel Studio 7.0\HIC15FW\HIC15FW\ArduinoCore\Debug\libArduinoCore.a(Print.o)
 .debug_aranges
                0x00000268       0x48 H:\04_work\projects\67.HIC-NAOMI\HIC 15\Firmware _Atmel Studio 7.0\HIC15FW\HIC15FW\ArduinoCore\Debug\libArduinoCore.a(wiring.o)
 .debug_aranges
                0x000002b0       0x30 H:\04_work\projects\67.HIC-NAOMI\HIC 15\Firmware _Atmel Studio 7.0\HIC15FW\HIC15FW\ArduinoCore\Debug\libArduinoCore.a(wiring_analog.o)
 .debug_aranges
                0x000002e0       0x38 H:\04_work\projects\67.HIC-NAOMI\HIC 15\Firmware _Atmel Studio 7.0\HIC15FW\HIC15FW\ArduinoCore\Debug\libArduinoCore.a(wiring_digital.o)
 .debug_aranges
                0x00000318      0x250 H:\04_work\projects\67.HIC-NAOMI\HIC 15\Firmware _Atmel Studio 7.0\HIC15FW\HIC15FW\ArduinoCore\Debug\libArduinoCore.a(Adafruit_GFX.o)
 .debug_aranges
                0x00000568      0x118 H:\04_work\projects\67.HIC-NAOMI\HIC 15\Firmware _Atmel Studio 7.0\HIC15FW\HIC15FW\ArduinoCore\Debug\libArduinoCore.a(Adafruit_SSD1306.o)
 .debug_aranges
                0x00000680       0x38 H:\04_work\projects\67.HIC-NAOMI\HIC 15\Firmware _Atmel Studio 7.0\HIC15FW\HIC15FW\ArduinoCore\Debug\libArduinoCore.a(SPI.o)
 .debug_aranges
                0x000006b8       0xf8 H:\04_work\projects\67.HIC-NAOMI\HIC 15\Firmware _Atmel Studio 7.0\HIC15FW\HIC15FW\ArduinoCore\Debug\libArduinoCore.a(Wire.o)
 .debug_aranges
                0x000007b0       0x20 H:\04_work\projects\67.HIC-NAOMI\HIC 15\Firmware _Atmel Studio 7.0\HIC15FW\HIC15FW\ArduinoCore\Debug\libArduinoCore.a(abi.o)
 .debug_aranges
                0x000007d0       0x20 H:\04_work\projects\67.HIC-NAOMI\HIC 15\Firmware _Atmel Studio 7.0\HIC15FW\HIC15FW\ArduinoCore\Debug\libArduinoCore.a(hooks.o)
 .debug_aranges
                0x000007f0       0x80 H:\04_work\projects\67.HIC-NAOMI\HIC 15\Firmware _Atmel Studio 7.0\HIC15FW\HIC15FW\ArduinoCore\Debug\libArduinoCore.a(twi.o)

.debug_pubnames
 *(.debug_pubnames)

.debug_info     0x00000000    0x15ccb
 *(.debug_info .gnu.linkonce.wi.*)
 .debug_info    0x00000000      0x5f4 C:/Program Files (x86)/Atmel/Studio/7.0/Packs/Atmel/ATmega_DFP/1.3.300/gcc/dev/atmega328p/avr5/crtatmega328p.o
 .debug_info    0x000005f4      0xbe7 Sketch.o
 .debug_info    0x000011db     0x1f64 H:\04_work\projects\67.HIC-NAOMI\HIC 15\Firmware _Atmel Studio 7.0\HIC15FW\HIC15FW\ArduinoCore\Debug\libArduinoCore.a(HardwareSerial.o)
 .debug_info    0x0000313f     0x1b16 H:\04_work\projects\67.HIC-NAOMI\HIC 15\Firmware _Atmel Studio 7.0\HIC15FW\HIC15FW\ArduinoCore\Debug\libArduinoCore.a(HardwareSerial0.o)
 .debug_info    0x00004c55      0x237 H:\04_work\projects\67.HIC-NAOMI\HIC 15\Firmware _Atmel Studio 7.0\HIC15FW\HIC15FW\ArduinoCore\Debug\libArduinoCore.a(main.o)
 .debug_info    0x00004e8c     0x28ff H:\04_work\projects\67.HIC-NAOMI\HIC 15\Firmware _Atmel Studio 7.0\HIC15FW\HIC15FW\ArduinoCore\Debug\libArduinoCore.a(Print.o)
 .debug_info    0x0000778b      0x2cb H:\04_work\projects\67.HIC-NAOMI\HIC 15\Firmware _Atmel Studio 7.0\HIC15FW\HIC15FW\ArduinoCore\Debug\libArduinoCore.a(wiring.o)
 .debug_info    0x00007a56      0x26d H:\04_work\projects\67.HIC-NAOMI\HIC 15\Firmware _Atmel Studio 7.0\HIC15FW\HIC15FW\ArduinoCore\Debug\libArduinoCore.a(wiring_analog.o)
 .debug_info    0x00007cc3      0x5fe H:\04_work\projects\67.HIC-NAOMI\HIC 15\Firmware _Atmel Studio 7.0\HIC15FW\HIC15FW\ArduinoCore\Debug\libArduinoCore.a(wiring_digital.o)
 .debug_info    0x000082c1     0x7799 H:\04_work\projects\67.HIC-NAOMI\HIC 15\Firmware _Atmel Studio 7.0\HIC15FW\HIC15FW\ArduinoCore\Debug\libArduinoCore.a(Adafruit_GFX.o)
 .debug_info    0x0000fa5a     0x2d9e H:\04_work\projects\67.HIC-NAOMI\HIC 15\Firmware _Atmel Studio 7.0\HIC15FW\HIC15FW\ArduinoCore\Debug\libArduinoCore.a(Adafruit_SSD1306.o)
 .debug_info    0x000127f8      0x66b H:\04_work\projects\67.HIC-NAOMI\HIC 15\Firmware _Atmel Studio 7.0\HIC15FW\HIC15FW\ArduinoCore\Debug\libArduinoCore.a(SPI.o)
 .debug_info    0x00012e63     0x27b0 H:\04_work\projects\67.HIC-NAOMI\HIC 15\Firmware _Atmel Studio 7.0\HIC15FW\HIC15FW\ArduinoCore\Debug\libArduinoCore.a(Wire.o)
 .debug_info    0x00015613       0x76 H:\04_work\projects\67.HIC-NAOMI\HIC 15\Firmware _Atmel Studio 7.0\HIC15FW\HIC15FW\ArduinoCore\Debug\libArduinoCore.a(abi.o)
 .debug_info    0x00015689       0x3e H:\04_work\projects\67.HIC-NAOMI\HIC 15\Firmware _Atmel Studio 7.0\HIC15FW\HIC15FW\ArduinoCore\Debug\libArduinoCore.a(hooks.o)
 .debug_info    0x000156c7      0x604 H:\04_work\projects\67.HIC-NAOMI\HIC 15\Firmware _Atmel Studio 7.0\HIC15FW\HIC15FW\ArduinoCore\Debug\libArduinoCore.a(twi.o)

.debug_abbrev   0x00000000     0x3307
 *(.debug_abbrev)
 .debug_abbrev  0x00000000      0x5a2 C:/Program Files (x86)/Atmel/Studio/7.0/Packs/Atmel/ATmega_DFP/1.3.300/gcc/dev/atmega328p/avr5/crtatmega328p.o
 .debug_abbrev  0x000005a2      0x3c6 Sketch.o
 .debug_abbrev  0x00000968      0x4b7 H:\04_work\projects\67.HIC-NAOMI\HIC 15\Firmware _Atmel Studio 7.0\HIC15FW\HIC15FW\ArduinoCore\Debug\libArduinoCore.a(HardwareSerial.o)
 .debug_abbrev  0x00000e1f      0x3ce H:\04_work\projects\67.HIC-NAOMI\HIC 15\Firmware _Atmel Studio 7.0\HIC15FW\HIC15FW\ArduinoCore\Debug\libArduinoCore.a(HardwareSerial0.o)
 .debug_abbrev  0x000011ed      0x12d H:\04_work\projects\67.HIC-NAOMI\HIC 15\Firmware _Atmel Studio 7.0\HIC15FW\HIC15FW\ArduinoCore\Debug\libArduinoCore.a(main.o)
 .debug_abbrev  0x0000131a      0x47a H:\04_work\projects\67.HIC-NAOMI\HIC 15\Firmware _Atmel Studio 7.0\HIC15FW\HIC15FW\ArduinoCore\Debug\libArduinoCore.a(Print.o)
 .debug_abbrev  0x00001794      0x146 H:\04_work\projects\67.HIC-NAOMI\HIC 15\Firmware _Atmel Studio 7.0\HIC15FW\HIC15FW\ArduinoCore\Debug\libArduinoCore.a(wiring.o)
 .debug_abbrev  0x000018da      0x16b H:\04_work\projects\67.HIC-NAOMI\HIC 15\Firmware _Atmel Studio 7.0\HIC15FW\HIC15FW\ArduinoCore\Debug\libArduinoCore.a(wiring_analog.o)
 .debug_abbrev  0x00001a45      0x15b H:\04_work\projects\67.HIC-NAOMI\HIC 15\Firmware _Atmel Studio 7.0\HIC15FW\HIC15FW\ArduinoCore\Debug\libArduinoCore.a(wiring_digital.o)
 .debug_abbrev  0x00001ba0      0x66b H:\04_work\projects\67.HIC-NAOMI\HIC 15\Firmware _Atmel Studio 7.0\HIC15FW\HIC15FW\ArduinoCore\Debug\libArduinoCore.a(Adafruit_GFX.o)
 .debug_abbrev  0x0000220b      0x601 H:\04_work\projects\67.HIC-NAOMI\HIC 15\Firmware _Atmel Studio 7.0\HIC15FW\HIC15FW\ArduinoCore\Debug\libArduinoCore.a(Adafruit_SSD1306.o)
 .debug_abbrev  0x0000280c      0x283 H:\04_work\projects\67.HIC-NAOMI\HIC 15\Firmware _Atmel Studio 7.0\HIC15FW\HIC15FW\ArduinoCore\Debug\libArduinoCore.a(SPI.o)
 .debug_abbrev  0x00002a8f      0x581 H:\04_work\projects\67.HIC-NAOMI\HIC 15\Firmware _Atmel Studio 7.0\HIC15FW\HIC15FW\ArduinoCore\Debug\libArduinoCore.a(Wire.o)
 .debug_abbrev  0x00003010       0x6d H:\04_work\projects\67.HIC-NAOMI\HIC 15\Firmware _Atmel Studio 7.0\HIC15FW\HIC15FW\ArduinoCore\Debug\libArduinoCore.a(abi.o)
 .debug_abbrev  0x0000307d       0x2a H:\04_work\projects\67.HIC-NAOMI\HIC 15\Firmware _Atmel Studio 7.0\HIC15FW\HIC15FW\ArduinoCore\Debug\libArduinoCore.a(hooks.o)
 .debug_abbrev  0x000030a7      0x260 H:\04_work\projects\67.HIC-NAOMI\HIC 15\Firmware _Atmel Studio 7.0\HIC15FW\HIC15FW\ArduinoCore\Debug\libArduinoCore.a(twi.o)

.debug_line     0x00000000     0x5e0f
 *(.debug_line .debug_line.* .debug_line_end)
 .debug_line    0x00000000      0x133 C:/Program Files (x86)/Atmel/Studio/7.0/Packs/Atmel/ATmega_DFP/1.3.300/gcc/dev/atmega328p/avr5/crtatmega328p.o
 .debug_line    0x00000133      0x588 Sketch.o
 .debug_line    0x000006bb      0x4d9 H:\04_work\projects\67.HIC-NAOMI\HIC 15\Firmware _Atmel Studio 7.0\HIC15FW\HIC15FW\ArduinoCore\Debug\libArduinoCore.a(HardwareSerial.o)
 .debug_line    0x00000b94      0x2a1 H:\04_work\projects\67.HIC-NAOMI\HIC 15\Firmware _Atmel Studio 7.0\HIC15FW\HIC15FW\ArduinoCore\Debug\libArduinoCore.a(HardwareSerial0.o)
 .debug_line    0x00000e35      0x17a H:\04_work\projects\67.HIC-NAOMI\HIC 15\Firmware _Atmel Studio 7.0\HIC15FW\HIC15FW\ArduinoCore\Debug\libArduinoCore.a(main.o)
 .debug_line    0x00000faf      0x69a H:\04_work\projects\67.HIC-NAOMI\HIC 15\Firmware _Atmel Studio 7.0\HIC15FW\HIC15FW\ArduinoCore\Debug\libArduinoCore.a(Print.o)
 .debug_line    0x00001649      0x2ae H:\04_work\projects\67.HIC-NAOMI\HIC 15\Firmware _Atmel Studio 7.0\HIC15FW\HIC15FW\ArduinoCore\Debug\libArduinoCore.a(wiring.o)
 .debug_line    0x000018f7      0x224 H:\04_work\projects\67.HIC-NAOMI\HIC 15\Firmware _Atmel Studio 7.0\HIC15FW\HIC15FW\ArduinoCore\Debug\libArduinoCore.a(wiring_analog.o)
 .debug_line    0x00001b1b      0x267 H:\04_work\projects\67.HIC-NAOMI\HIC 15\Firmware _Atmel Studio 7.0\HIC15FW\HIC15FW\ArduinoCore\Debug\libArduinoCore.a(wiring_digital.o)
 .debug_line    0x00001d82     0x1efe H:\04_work\projects\67.HIC-NAOMI\HIC 15\Firmware _Atmel Studio 7.0\HIC15FW\HIC15FW\ArduinoCore\Debug\libArduinoCore.a(Adafruit_GFX.o)
 .debug_line    0x00003c80     0x12b7 H:\04_work\projects\67.HIC-NAOMI\HIC 15\Firmware _Atmel Studio 7.0\HIC15FW\HIC15FW\ArduinoCore\Debug\libArduinoCore.a(Adafruit_SSD1306.o)
 .debug_line    0x00004f37      0x2f8 H:\04_work\projects\67.HIC-NAOMI\HIC 15\Firmware _Atmel Studio 7.0\HIC15FW\HIC15FW\ArduinoCore\Debug\libArduinoCore.a(SPI.o)
 .debug_line    0x0000522f      0x5ec H:\04_work\projects\67.HIC-NAOMI\HIC 15\Firmware _Atmel Studio 7.0\HIC15FW\HIC15FW\ArduinoCore\Debug\libArduinoCore.a(Wire.o)
 .debug_line    0x0000581b       0xa9 H:\04_work\projects\67.HIC-NAOMI\HIC 15\Firmware _Atmel Studio 7.0\HIC15FW\HIC15FW\ArduinoCore\Debug\libArduinoCore.a(abi.o)
 .debug_line    0x000058c4       0x41 H:\04_work\projects\67.HIC-NAOMI\HIC 15\Firmware _Atmel Studio 7.0\HIC15FW\HIC15FW\ArduinoCore\Debug\libArduinoCore.a(hooks.o)
 .debug_line    0x00005905      0x50a H:\04_work\projects\67.HIC-NAOMI\HIC 15\Firmware _Atmel Studio 7.0\HIC15FW\HIC15FW\ArduinoCore\Debug\libArduinoCore.a(twi.o)

.debug_frame    0x00000000     0x24c8
 *(.debug_frame)
 .debug_frame   0x00000000      0x224 Sketch.o
 .debug_frame   0x00000224      0x110 H:\04_work\projects\67.HIC-NAOMI\HIC 15\Firmware _Atmel Studio 7.0\HIC15FW\HIC15FW\ArduinoCore\Debug\libArduinoCore.a(HardwareSerial.o)
 .debug_frame   0x00000334       0xe0 H:\04_work\projects\67.HIC-NAOMI\HIC 15\Firmware _Atmel Studio 7.0\HIC15FW\HIC15FW\ArduinoCore\Debug\libArduinoCore.a(HardwareSerial0.o)
 .debug_frame   0x00000414       0x54 H:\04_work\projects\67.HIC-NAOMI\HIC 15\Firmware _Atmel Studio 7.0\HIC15FW\HIC15FW\ArduinoCore\Debug\libArduinoCore.a(main.o)
 .debug_frame   0x00000468      0x3ac H:\04_work\projects\67.HIC-NAOMI\HIC 15\Firmware _Atmel Studio 7.0\HIC15FW\HIC15FW\ArduinoCore\Debug\libArduinoCore.a(Print.o)
 .debug_frame   0x00000814       0xc4 H:\04_work\projects\67.HIC-NAOMI\HIC 15\Firmware _Atmel Studio 7.0\HIC15FW\HIC15FW\ArduinoCore\Debug\libArduinoCore.a(wiring.o)
 .debug_frame   0x000008d8       0x54 H:\04_work\projects\67.HIC-NAOMI\HIC 15\Firmware _Atmel Studio 7.0\HIC15FW\HIC15FW\ArduinoCore\Debug\libArduinoCore.a(wiring_analog.o)
 .debug_frame   0x0000092c       0x7c H:\04_work\projects\67.HIC-NAOMI\HIC 15\Firmware _Atmel Studio 7.0\HIC15FW\HIC15FW\ArduinoCore\Debug\libArduinoCore.a(wiring_digital.o)
 .debug_frame   0x000009a8     0x122c H:\04_work\projects\67.HIC-NAOMI\HIC 15\Firmware _Atmel Studio 7.0\HIC15FW\HIC15FW\ArduinoCore\Debug\libArduinoCore.a(Adafruit_GFX.o)
 .debug_frame   0x00001bd4      0x48c H:\04_work\projects\67.HIC-NAOMI\HIC 15\Firmware _Atmel Studio 7.0\HIC15FW\HIC15FW\ArduinoCore\Debug\libArduinoCore.a(Adafruit_SSD1306.o)
 .debug_frame   0x00002060       0x5c H:\04_work\projects\67.HIC-NAOMI\HIC 15\Firmware _Atmel Studio 7.0\HIC15FW\HIC15FW\ArduinoCore\Debug\libArduinoCore.a(SPI.o)
 .debug_frame   0x000020bc      0x280 H:\04_work\projects\67.HIC-NAOMI\HIC 15\Firmware _Atmel Studio 7.0\HIC15FW\HIC15FW\ArduinoCore\Debug\libArduinoCore.a(Wire.o)
 .debug_frame   0x0000233c       0x34 H:\04_work\projects\67.HIC-NAOMI\HIC 15\Firmware _Atmel Studio 7.0\HIC15FW\HIC15FW\ArduinoCore\Debug\libArduinoCore.a(abi.o)
 .debug_frame   0x00002370       0x24 H:\04_work\projects\67.HIC-NAOMI\HIC 15\Firmware _Atmel Studio 7.0\HIC15FW\HIC15FW\ArduinoCore\Debug\libArduinoCore.a(hooks.o)
 .debug_frame   0x00002394      0x134 H:\04_work\projects\67.HIC-NAOMI\HIC 15\Firmware _Atmel Studio 7.0\HIC15FW\HIC15FW\ArduinoCore\Debug\libArduinoCore.a(twi.o)

.debug_str      0x00000000     0x4781
 *(.debug_str)
 .debug_str     0x00000000      0x208 C:/Program Files (x86)/Atmel/Studio/7.0/Packs/Atmel/ATmega_DFP/1.3.300/gcc/dev/atmega328p/avr5/crtatmega328p.o
 .debug_str     0x00000208      0x675 Sketch.o
                                0x70e (size before relaxing)
 .debug_str     0x0000087d     0x1334 H:\04_work\projects\67.HIC-NAOMI\HIC 15\Firmware _Atmel Studio 7.0\HIC15FW\HIC15FW\ArduinoCore\Debug\libArduinoCore.a(HardwareSerial.o)
                               0x1625 (size before relaxing)
 .debug_str     0x00001bb1       0x86 H:\04_work\projects\67.HIC-NAOMI\HIC 15\Firmware _Atmel Studio 7.0\HIC15FW\HIC15FW\ArduinoCore\Debug\libArduinoCore.a(HardwareSerial0.o)
                               0x1418 (size before relaxing)
 .debug_str     0x00001c37       0x37 H:\04_work\projects\67.HIC-NAOMI\HIC 15\Firmware _Atmel Studio 7.0\HIC15FW\HIC15FW\ArduinoCore\Debug\libArduinoCore.a(main.o)
                                0x2c4 (size before relaxing)
 .debug_str     0x00001c6e      0x3b6 H:\04_work\projects\67.HIC-NAOMI\HIC 15\Firmware _Atmel Studio 7.0\HIC15FW\HIC15FW\ArduinoCore\Debug\libArduinoCore.a(Print.o)
                               0x1252 (size before relaxing)
 .debug_str     0x00002024      0x149 H:\04_work\projects\67.HIC-NAOMI\HIC 15\Firmware _Atmel Studio 7.0\HIC15FW\HIC15FW\ArduinoCore\Debug\libArduinoCore.a(wiring.o)
                                0x25a (size before relaxing)
 .debug_str     0x0000216d       0x6c H:\04_work\projects\67.HIC-NAOMI\HIC 15\Firmware _Atmel Studio 7.0\HIC15FW\HIC15FW\ArduinoCore\Debug\libArduinoCore.a(wiring_analog.o)
                                0x25e (size before relaxing)
 .debug_str     0x000021d9       0x9d H:\04_work\projects\67.HIC-NAOMI\HIC 15\Firmware _Atmel Studio 7.0\HIC15FW\HIC15FW\ArduinoCore\Debug\libArduinoCore.a(wiring_digital.o)
                                0x2bf (size before relaxing)
 .debug_str     0x00002276     0x11ef H:\04_work\projects\67.HIC-NAOMI\HIC 15\Firmware _Atmel Studio 7.0\HIC15FW\HIC15FW\ArduinoCore\Debug\libArduinoCore.a(Adafruit_GFX.o)
                               0x220e (size before relaxing)
 .debug_str     0x00003465      0xbc5 H:\04_work\projects\67.HIC-NAOMI\HIC 15\Firmware _Atmel Studio 7.0\HIC15FW\HIC15FW\ArduinoCore\Debug\libArduinoCore.a(Adafruit_SSD1306.o)
                               0x1120 (size before relaxing)
 .debug_str     0x0000402a       0x9f H:\04_work\projects\67.HIC-NAOMI\HIC 15\Firmware _Atmel Studio 7.0\HIC15FW\HIC15FW\ArduinoCore\Debug\libArduinoCore.a(SPI.o)
                                0x6bd (size before relaxing)
 .debug_str     0x000040c9      0x51b H:\04_work\projects\67.HIC-NAOMI\HIC 15\Firmware _Atmel Studio 7.0\HIC15FW\HIC15FW\ArduinoCore\Debug\libArduinoCore.a(Wire.o)
                               0x18d1 (size before relaxing)
 .debug_str     0x000045e4       0x30 H:\04_work\projects\67.HIC-NAOMI\HIC 15\Firmware _Atmel Studio 7.0\HIC15FW\HIC15FW\ArduinoCore\Debug\libArduinoCore.a(abi.o)
                                0x1ae (size before relaxing)
 .debug_str     0x00004614       0x1c H:\04_work\projects\67.HIC-NAOMI\HIC 15\Firmware _Atmel Studio 7.0\HIC15FW\HIC15FW\ArduinoCore\Debug\libArduinoCore.a(hooks.o)
                                0x14f (size before relaxing)
 .debug_str     0x00004630      0x151 H:\04_work\projects\67.HIC-NAOMI\HIC 15\Firmware _Atmel Studio 7.0\HIC15FW\HIC15FW\ArduinoCore\Debug\libArduinoCore.a(twi.o)
                                0x3da (size before relaxing)

.debug_loc      0x00000000    0x11971
 *(.debug_loc)
 .debug_loc     0x00000000      0x6f5 Sketch.o
 .debug_loc     0x000006f5      0x4dc H:\04_work\projects\67.HIC-NAOMI\HIC 15\Firmware _Atmel Studio 7.0\HIC15FW\HIC15FW\ArduinoCore\Debug\libArduinoCore.a(HardwareSerial.o)
 .debug_loc     0x00000bd1      0x1b0 H:\04_work\projects\67.HIC-NAOMI\HIC 15\Firmware _Atmel Studio 7.0\HIC15FW\HIC15FW\ArduinoCore\Debug\libArduinoCore.a(HardwareSerial0.o)
 .debug_loc     0x00000d81     0x1c87 H:\04_work\projects\67.HIC-NAOMI\HIC 15\Firmware _Atmel Studio 7.0\HIC15FW\HIC15FW\ArduinoCore\Debug\libArduinoCore.a(Print.o)
 .debug_loc     0x00002a08      0x28d H:\04_work\projects\67.HIC-NAOMI\HIC 15\Firmware _Atmel Studio 7.0\HIC15FW\HIC15FW\ArduinoCore\Debug\libArduinoCore.a(wiring.o)
 .debug_loc     0x00002c95       0xfe H:\04_work\projects\67.HIC-NAOMI\HIC 15\Firmware _Atmel Studio 7.0\HIC15FW\HIC15FW\ArduinoCore\Debug\libArduinoCore.a(wiring_analog.o)
 .debug_loc     0x00002d93      0x5fc H:\04_work\projects\67.HIC-NAOMI\HIC 15\Firmware _Atmel Studio 7.0\HIC15FW\HIC15FW\ArduinoCore\Debug\libArduinoCore.a(wiring_digital.o)
 .debug_loc     0x0000338f     0xa2e1 H:\04_work\projects\67.HIC-NAOMI\HIC 15\Firmware _Atmel Studio 7.0\HIC15FW\HIC15FW\ArduinoCore\Debug\libArduinoCore.a(Adafruit_GFX.o)
 .debug_loc     0x0000d670     0x3151 H:\04_work\projects\67.HIC-NAOMI\HIC 15\Firmware _Atmel Studio 7.0\HIC15FW\HIC15FW\ArduinoCore\Debug\libArduinoCore.a(Adafruit_SSD1306.o)
 .debug_loc     0x000107c1      0x1e4 H:\04_work\projects\67.HIC-NAOMI\HIC 15\Firmware _Atmel Studio 7.0\HIC15FW\HIC15FW\ArduinoCore\Debug\libArduinoCore.a(SPI.o)
 .debug_loc     0x000109a5      0xbe6 H:\04_work\projects\67.HIC-NAOMI\HIC 15\Firmware _Atmel Studio 7.0\HIC15FW\HIC15FW\ArduinoCore\Debug\libArduinoCore.a(Wire.o)
 .debug_loc     0x0001158b      0x3e6 H:\04_work\projects\67.HIC-NAOMI\HIC 15\Firmware _Atmel Studio 7.0\HIC15FW\HIC15FW\ArduinoCore\Debug\libArduinoCore.a(twi.o)

.debug_macinfo
 *(.debug_macinfo)

.debug_weaknames
 *(.debug_weaknames)

.debug_funcnames
 *(.debug_funcnames)

.debug_typenames
 *(.debug_typenames)

.debug_varnames
 *(.debug_varnames)

.debug_pubtypes
 *(.debug_pubtypes)

.debug_ranges   0x00000000      0xa58
 *(.debug_ranges)
 .debug_ranges  0x00000000       0x78 Sketch.o
 .debug_ranges  0x00000078       0x58 H:\04_work\projects\67.HIC-NAOMI\HIC 15\Firmware _Atmel Studio 7.0\HIC15FW\HIC15FW\ArduinoCore\Debug\libArduinoCore.a(HardwareSerial.o)
 .debug_ranges  0x000000d0       0x38 H:\04_work\projects\67.HIC-NAOMI\HIC 15\Firmware _Atmel Studio 7.0\HIC15FW\HIC15FW\ArduinoCore\Debug\libArduinoCore.a(HardwareSerial0.o)
 .debug_ranges  0x00000108       0x20 H:\04_work\projects\67.HIC-NAOMI\HIC 15\Firmware _Atmel Studio 7.0\HIC15FW\HIC15FW\ArduinoCore\Debug\libArduinoCore.a(main.o)
 .debug_ranges  0x00000128      0x120 H:\04_work\projects\67.HIC-NAOMI\HIC 15\Firmware _Atmel Studio 7.0\HIC15FW\HIC15FW\ArduinoCore\Debug\libArduinoCore.a(Print.o)
 .debug_ranges  0x00000248       0x38 H:\04_work\projects\67.HIC-NAOMI\HIC 15\Firmware _Atmel Studio 7.0\HIC15FW\HIC15FW\ArduinoCore\Debug\libArduinoCore.a(wiring.o)
 .debug_ranges  0x00000280       0x20 H:\04_work\projects\67.HIC-NAOMI\HIC 15\Firmware _Atmel Studio 7.0\HIC15FW\HIC15FW\ArduinoCore\Debug\libArduinoCore.a(wiring_analog.o)
 .debug_ranges  0x000002a0       0x28 H:\04_work\projects\67.HIC-NAOMI\HIC 15\Firmware _Atmel Studio 7.0\HIC15FW\HIC15FW\ArduinoCore\Debug\libArduinoCore.a(wiring_digital.o)
 .debug_ranges  0x000002c8      0x438 H:\04_work\projects\67.HIC-NAOMI\HIC 15\Firmware _Atmel Studio 7.0\HIC15FW\HIC15FW\ArduinoCore\Debug\libArduinoCore.a(Adafruit_GFX.o)
 .debug_ranges  0x00000700      0x1b8 H:\04_work\projects\67.HIC-NAOMI\HIC 15\Firmware _Atmel Studio 7.0\HIC15FW\HIC15FW\ArduinoCore\Debug\libArduinoCore.a(Adafruit_SSD1306.o)
 .debug_ranges  0x000008b8       0x28 H:\04_work\projects\67.HIC-NAOMI\HIC 15\Firmware _Atmel Studio 7.0\HIC15FW\HIC15FW\ArduinoCore\Debug\libArduinoCore.a(SPI.o)
 .debug_ranges  0x000008e0       0xe8 H:\04_work\projects\67.HIC-NAOMI\HIC 15\Firmware _Atmel Studio 7.0\HIC15FW\HIC15FW\ArduinoCore\Debug\libArduinoCore.a(Wire.o)
 .debug_ranges  0x000009c8       0x10 H:\04_work\projects\67.HIC-NAOMI\HIC 15\Firmware _Atmel Studio 7.0\HIC15FW\HIC15FW\ArduinoCore\Debug\libArduinoCore.a(abi.o)
 .debug_ranges  0x000009d8       0x10 H:\04_work\projects\67.HIC-NAOMI\HIC 15\Firmware _Atmel Studio 7.0\HIC15FW\HIC15FW\ArduinoCore\Debug\libArduinoCore.a(hooks.o)
 .debug_ranges  0x000009e8       0x70 H:\04_work\projects\67.HIC-NAOMI\HIC 15\Firmware _Atmel Studio 7.0\HIC15FW\HIC15FW\ArduinoCore\Debug\libArduinoCore.a(twi.o)

.debug_macro
 *(.debug_macro)
OUTPUT(HIC15FW.elf elf32-avr)
LOAD linker stubs